Archive member included because of file (symbol)

d:/altera/12.1sp1b243/nios2eds/bin/gnu/h-i686-mingw32/bin/../lib/gcc/nios2-elf/4.1.2\libgcc.a(lib2-divmod.o)
                              obj/default/src/webserver.o (__divsi3)
d:/altera/12.1sp1b243/nios2eds/bin/gnu/h-i686-mingw32/bin/../lib/gcc/nios2-elf/4.1.2/../../../../nios2-elf/lib\libc.a(lib_a-atoi.o)
                              obj/default/src/webserver.o (atoi)
d:/altera/12.1sp1b243/nios2eds/bin/gnu/h-i686-mingw32/bin/../lib/gcc/nios2-elf/4.1.2/../../../../nios2-elf/lib\libc.a(lib_a-calloc.o)
                              obj/default/src/webserver.o (calloc)
d:/altera/12.1sp1b243/nios2eds/bin/gnu/h-i686-mingw32/bin/../lib/gcc/nios2-elf/4.1.2/../../../../nios2-elf/lib\libc.a(lib_a-callocr.o)
                              d:/altera/12.1sp1b243/nios2eds/bin/gnu/h-i686-mingw32/bin/../lib/gcc/nios2-elf/4.1.2/../../../../nios2-elf/lib\libc.a(lib_a-calloc.o) (_calloc_r)
d:/altera/12.1sp1b243/nios2eds/bin/gnu/h-i686-mingw32/bin/../lib/gcc/nios2-elf/4.1.2/../../../../nios2-elf/lib\libc.a(lib_a-ctype_.o)
                              obj/default/src/webserver.o (__ctype_ptr)
d:/altera/12.1sp1b243/nios2eds/bin/gnu/h-i686-mingw32/bin/../lib/gcc/nios2-elf/4.1.2/../../../../nios2-elf/lib\libc.a(lib_a-fclose.o)
                              obj/default/src/main.o (fclose)
d:/altera/12.1sp1b243/nios2eds/bin/gnu/h-i686-mingw32/bin/../lib/gcc/nios2-elf/4.1.2/../../../../nios2-elf/lib\libc.a(lib_a-fflush.o)
                              d:/altera/12.1sp1b243/nios2eds/bin/gnu/h-i686-mingw32/bin/../lib/gcc/nios2-elf/4.1.2/../../../../nios2-elf/lib\libc.a(lib_a-fclose.o) (_fflush_r)
d:/altera/12.1sp1b243/nios2eds/bin/gnu/h-i686-mingw32/bin/../lib/gcc/nios2-elf/4.1.2/../../../../nios2-elf/lib\libc.a(lib_a-fgetpos.o)
                              obj/default/src/webserver.o (fgetpos)
d:/altera/12.1sp1b243/nios2eds/bin/gnu/h-i686-mingw32/bin/../lib/gcc/nios2-elf/4.1.2/../../../../nios2-elf/lib\libc.a(lib_a-findfp.o)
                              d:/altera/12.1sp1b243/nios2eds/bin/gnu/h-i686-mingw32/bin/../lib/gcc/nios2-elf/4.1.2/../../../../nios2-elf/lib\libc.a(lib_a-fclose.o) (__sfp_lock_acquire)
d:/altera/12.1sp1b243/nios2eds/bin/gnu/h-i686-mingw32/bin/../lib/gcc/nios2-elf/4.1.2/../../../../nios2-elf/lib\libc.a(lib_a-fopen.o)
                              obj/default/src/main.o (fopen)
d:/altera/12.1sp1b243/nios2eds/bin/gnu/h-i686-mingw32/bin/../lib/gcc/nios2-elf/4.1.2/../../../../nios2-elf/lib\libc.a(lib_a-fread.o)
                              obj/default/src/webserver.o (fread)
d:/altera/12.1sp1b243/nios2eds/bin/gnu/h-i686-mingw32/bin/../lib/gcc/nios2-elf/4.1.2/../../../../nios2-elf/lib\libc.a(lib_a-freer.o)
                              d:/altera/12.1sp1b243/nios2eds/bin/gnu/h-i686-mingw32/bin/../lib/gcc/nios2-elf/4.1.2/../../../../nios2-elf/lib\libc.a(lib_a-fclose.o) (_free_r)
d:/altera/12.1sp1b243/nios2eds/bin/gnu/h-i686-mingw32/bin/../lib/gcc/nios2-elf/4.1.2/../../../../nios2-elf/lib\libc.a(lib_a-fseek.o)
                              d:/altera/12.1sp1b243/nios2eds/bin/gnu/h-i686-mingw32/bin/../lib/gcc/nios2-elf/4.1.2/../../../../nios2-elf/lib\libc.a(lib_a-fopen.o) (_fseek_r)
d:/altera/12.1sp1b243/nios2eds/bin/gnu/h-i686-mingw32/bin/../lib/gcc/nios2-elf/4.1.2/../../../../nios2-elf/lib\libc.a(lib_a-fstatr.o)
                              d:/altera/12.1sp1b243/nios2eds/bin/gnu/h-i686-mingw32/bin/../lib/gcc/nios2-elf/4.1.2/../../../../nios2-elf/lib\libc.a(lib_a-fseek.o) (_fstat_r)
d:/altera/12.1sp1b243/nios2eds/bin/gnu/h-i686-mingw32/bin/../lib/gcc/nios2-elf/4.1.2/../../../../nios2-elf/lib\libc.a(lib_a-ftell.o)
                              d:/altera/12.1sp1b243/nios2eds/bin/gnu/h-i686-mingw32/bin/../lib/gcc/nios2-elf/4.1.2/../../../../nios2-elf/lib\libc.a(lib_a-fgetpos.o) (_ftell_r)
d:/altera/12.1sp1b243/nios2eds/bin/gnu/h-i686-mingw32/bin/../lib/gcc/nios2-elf/4.1.2/../../../../nios2-elf/lib\libc.a(lib_a-fwalk.o)
                              d:/altera/12.1sp1b243/nios2eds/bin/gnu/h-i686-mingw32/bin/../lib/gcc/nios2-elf/4.1.2/../../../../nios2-elf/lib\libc.a(lib_a-fflush.o) (_fwalk_reent)
d:/altera/12.1sp1b243/nios2eds/bin/gnu/h-i686-mingw32/bin/../lib/gcc/nios2-elf/4.1.2/../../../../nios2-elf/lib\libc.a(lib_a-fwrite.o)
                              obj/default/src/main.o (fwrite)
d:/altera/12.1sp1b243/nios2eds/bin/gnu/h-i686-mingw32/bin/../lib/gcc/nios2-elf/4.1.2/../../../../nios2-elf/lib\libc.a(lib_a-getc.o)
                              obj/default/src/webserver.o (getc)
d:/altera/12.1sp1b243/nios2eds/bin/gnu/h-i686-mingw32/bin/../lib/gcc/nios2-elf/4.1.2/../../../../nios2-elf/lib\libc.a(lib_a-impure.o)
                              obj/default/src/os_utils.o (_impure_ptr)
d:/altera/12.1sp1b243/nios2eds/bin/gnu/h-i686-mingw32/bin/../lib/gcc/nios2-elf/4.1.2/../../../../nios2-elf/lib\libc.a(lib_a-int_errno.o)
[...]
Memory Configuration

Name             Origin             Length             Attributes
ext_flash_BEFORE_RESET 0x00000000         0x01bc0000
reset            0x01bc0000         0x00000020
ext_flash        0x01bc0020         0x0243ffe0
ssram            0x07000000         0x00200000
descriptor_memory 0x08000000         0x00002000
onchip_ram_BEFORE_EXCEPTION 0x08200000         0x00000020
onchip_ram       0x08200020         0x0007ffe0
*default*        0x00000000         0xffffffff

Linker script and memory map

LOAD ../../bsp/ucosii_net_rozipfs//obj/HAL/src/crt0.o
LOAD obj/default/src/flash_intel_p30/flash_intel_p30.o
LOAD obj/default/src/main.o
LOAD obj/default/src/os_utils.o
LOAD obj/default/src/reconfig_utils.o
LOAD obj/default/src/srec/srec.o
LOAD obj/default/src/tse_my_system.o
LOAD obj/default/src/webserver.o
LOAD d:/altera/12.1sp1b243/nios2eds/bin/gnu/h-i686-mingw32/bin/../lib/gcc/nios2-elf/4.1.2/../../../../nios2-elf/lib\libstdc++.a
LOAD d:/altera/12.1sp1b243/nios2eds/bin/gnu/h-i686-mingw32/bin/../lib/gcc/nios2-elf/4.1.2/../../../../nios2-elf/lib\libm.a
LOAD d:/altera/12.1sp1b243/nios2eds/bin/gnu/h-i686-mingw32/bin/../lib/gcc/nios2-elf/4.1.2\libgcc.a
START GROUP
LOAD d:/altera/12.1sp1b243/nios2eds/bin/gnu/h-i686-mingw32/bin/../lib/gcc/nios2-elf/4.1.2/../../../../nios2-elf/lib\libc.a
LOAD d:/altera/12.1sp1b243/nios2eds/bin/gnu/h-i686-mingw32/bin/../lib/gcc/nios2-elf/4.1.2\libgcc.a
LOAD ../../bsp/ucosii_net_rozipfs/\libucosii_bsp.a
END GROUP
LOAD d:/altera/12.1sp1b243/nios2eds/bin/gnu/h-i686-mingw32/bin/../lib/gcc/nios2-elf/4.1.2\libgcc.a
                0x00000000                __alt_mem_ext_flash = 0x0
                0x07000000                __alt_mem_ssram = 0x7000000
                0x08000000                __alt_mem_descriptor_memory = 0x8000000
                0x08200000                __alt_mem_onchip_ram = 0x8200000

.entry          0x01bc0000        0x0
 *(.entry)
 .entry         0x01bc0000        0x0 ../../bsp/ucosii_net_rozipfs//obj/HAL/src/crt0.o
                0x01bc0000                __reset

.exceptions     0x08200020      0x19c
                0x08200020                PROVIDE (__ram_exceptions_start, ABSOLUTE (.))
                0x08200020                . = ALIGN (0x20)
 *(.irq)
 *(.exceptions.entry.label)
 .exceptions.entry.label
                0x08200020        0x0 ../../bsp/ucosii_net_rozipfs/\libucosii_bsp.a(alt_irq_entry.o)
                0x08200020                alt_irq_entry
 .exceptions.entry.label
                0x08200020        0x0 ../../bsp/ucosii_net_rozipfs/\libucosii_bsp.a(alt_exception_entry.o)
                0x08200020                alt_exception
 *(.exceptions.entry.user)
 *(.exceptions.entry)
 .exceptions.entry
                0x08200020       0x54 ../../bsp/ucosii_net_rozipfs/\libucosii_bsp.a(alt_exception_entry.o)
 *(.exceptions.irqtest.user)
 *(.exceptions.irqtest)
 .exceptions.irqtest
                0x08200074       0x10 ../../bsp/ucosii_net_rozipfs/\libucosii_bsp.a(alt_irq_entry.o)
 *(.exceptions.irqhandler.user)
 *(.exceptions.irqhandler)
 .exceptions.irqhandler
                0x08200084        0x4 ../../bsp/ucosii_net_rozipfs/\libucosii_bsp.a(alt_irq_entry.o)
 *(.exceptions.irqreturn.user)
 *(.exceptions.irqreturn)
 .exceptions.irqreturn
                0x08200088        0x4 ../../bsp/ucosii_net_rozipfs/\libucosii_bsp.a(alt_irq_entry.o)
 *(.exceptions.notirq.label)
 .exceptions.notirq.label
                0x0820008c        0x0 ../../bsp/ucosii_net_rozipfs/\libucosii_bsp.a(alt_irq_entry.o)
 *(.exceptions.notirq.user)
 *(.exceptions.notirq)
 .exceptions.notirq
                0x0820008c        0x8 ../../bsp/ucosii_net_rozipfs/\libucosii_bsp.a(alt_exception_entry.o)
 *(.exceptions.soft.user)
 *(.exceptions.soft)
 *(.exceptions.unknown.user)
 *(.exceptions.unknown)
 .exceptions.unknown
                0x08200094        0x4 ../../bsp/ucosii_net_rozipfs/\libucosii_bsp.a(alt_exception_entry.o)
 *(.exceptions.exit.label)
 .exceptions.exit.label
                0x08200098        0x0 ../../bsp/ucosii_net_rozipfs/\libucosii_bsp.a(alt_irq_entry.o)
 .exceptions.exit.label
                0x08200098        0x0 ../../bsp/ucosii_net_rozipfs/\libucosii_bsp.a(alt_exception_entry.o)
 *(.exceptions.exit.user)
 *(.exceptions.exit)
 .exceptions.exit
                0x08200098       0x54 ../../bsp/ucosii_net_rozipfs/\libucosii_bsp.a(alt_exception_entry.o)
 *(.exceptions)
 .exceptions    0x082000ec       0xd0 ../../bsp/ucosii_net_rozipfs/\libucosii_bsp.a(alt_irq_handler.o)
                0x082000ec                alt_irq_handler
                0x082001bc                PROVIDE (__ram_exceptions_end, ABSOLUTE (.))
                0x08200020                PROVIDE (__flash_exceptions_start, LOADADDR (.exceptions))

.text           0x07000000    0x583a4
                0x07000000                PROVIDE (stext, ABSOLUTE (.))
 *(.interp)
 *(.hash)
 *(.dynsym)
 *(.dynstr)
 *(.gnu.version)
 *(.gnu.version_d)
 *(.gnu.version_r)
 *(.rel.init)
 *(.rela.init)
 *(.rel.text .rel.text.* .rel.gnu.linkonce.t.*)
 *(.rela.text .rela.text.* .rela.gnu.linkonce.t.*)
 *(.rel.fini)
 *(.rela.fini)
 *(.rel.rodata .rel.rodata.* .rel.gnu.linkonce.r.*)
 *(.rela.rodata .rela.rodata.* .rela.gnu.linkonce.r.*)
 *(.rel.data .rel.data.* .rel.gnu.linkonce.d.*)
 *(.rela.data .rela.data.* .rela.gnu.linkonce.d.*)
 *(.rel.tdata .rel.tdata.* .rel.gnu.linkonce.td.*)
 *(.rela.tdata .rela.tdata.* .rela.gnu.linkonce.td.*)
 *(.rel.tbss .rel.tbss.* .rel.gnu.linkonce.tb.*)
 *(.rela.tbss .rela.tbss.* .rela.gnu.linkonce.tb.*)
 *(.rel.ctors)
 *(.rela.ctors)
 *(.rel.dtors)
 *(.rela.dtors)
 *(.rel.got)
 *(.rela.got)
 *(.rel.sdata .rel.sdata.* .rel.gnu.linkonce.s.*)
 *(.rela.sdata .rela.sdata.* .rela.gnu.linkonce.s.*)
 *(.rel.sbss .rel.sbss.* .rel.gnu.linkonce.sb.*)
 *(.rela.sbss .rela.sbss.* .rela.gnu.linkonce.sb.*)
 *(.rel.sdata2 .rel.sdata2.* .rel.gnu.linkonce.s2.*)
 *(.rela.sdata2 .rela.sdata2.* .rela.gnu.linkonce.s2.*)
 *(.rel.sbss2 .rel.sbss2.* .rel.gnu.linkonce.sb2.*)
 *(.rela.sbss2 .rela.sbss2.* .rela.gnu.linkonce.sb2.*)
 *(.rel.bss .rel.bss.* .rel.gnu.linkonce.b.*)
 *(.rela.bss .rela.bss.* .rela.gnu.linkonce.b.*)
 *(.rel.plt)
 *(.rela.plt)
 *(.rel.dyn)
 *(.init)
 *(.plt)
 *(.text .stub .text.* .gnu.linkonce.t.*)
 .text          0x07000000       0x48 ../../bsp/ucosii_net_rozipfs//obj/HAL/src/crt0.o
                0x07000000                _start
 .text          0x07000048      0xe70 obj/default/src/flash_intel_p30/flash_intel_p30.o
                0x07000c0c                flash_intel_p30_write
                0x07000e40                flash_intel_p30_erase
 .text          0x07000eb8      0x278 obj/default/src/main.o
                0x07000eb8                LedTask
                0x07000f04                LCDTask
                0x07000f88                InitialTask
                0x070010c8                main
 .text          0x07001130      0x7b4 obj/default/src/os_utils.o
                0x07001130                printf
                0x07001244                fprintf
                0x070012c0                alt_uCOSIIErrorHandler
 .text          0x070018e4      0x174 obj/default/src/reconfig_utils.o
                0x070018e4                InitializePFLOptionBits
                0x070019f4                ReconfigFPGA
 .text          0x07001a58      0x8b8 obj/default/src/srec/srec.o
                0x07001a58                srec_decode
                0x07001fb0                srec_encode
                0x07002200                srec_strerror
 .text          0x07002310        0x0 obj/default/src/tse_my_system.o
 .text          0x07002310     0x4b20 obj/default/src/webserver.o
                0x07002310                print
                0x07002340                stats
                0x07002398                get_content_disposition_field
                0x07002438                find_string_in_buf
                0x07002534                http_parse_multipart_header
                0x0700278c                write_flash
                0x07002880                process_uploaded_data
                0x07002c30                lookup_flash_offset
                0x07002cd8                file_upload
                0x070032c4                http_reset_connection
                0x070033b4                http_manage_connection
                0x07003560                http_handle_accept
                0x07003688                http_read_line
                0x07003734                http_parse_type_boundary
                0x0700382c                http_process_headers
                0x07003a50                http_process_request
                0x07003d30                send_progress
                0x07003ff4                http_send_file_chunk
                0x070041a0                http_send_file_header
                0x07004974                http_find_file
                0x07004c88                http_send_redirect
                0x07004cbc                http_handle_post
                0x07004fe0                http_handle_get
                0x07005060                http_prepare_response
                0x070050d4                http_handle_receive
                0x070054a8                http_handle_transmit
                0x07005508                send_ip_addr
                0x07005738                ws_ipset
                0x07005840                suspend_network_tasks
                0x070058a0                resume_network_tasks
                0x07005900                wait_on_phy
                0x07005b58                net_init
                0x07005bdc                NetManTask
                0x07005d6c                NETInit
                0x07005e4c                WSTask
                0x070061d4                die_with_error
                0x07006204                in_chars
                0x070063d4                generate_and_store_mac_addr
                0x07006c40                get_board_mac_addr
                0x07006da8                get_mac_addr
                0x07006ddc                get_ip_addr
 .text          0x07006e30      0x14c d:/altera/12.1sp1b243/nios2eds/bin/gnu/h-i686-mingw32/bin/../lib/gcc/nios2-elf/4.1.2\libgcc.a(lib2-divmod.o)
                0x07006eac                __divsi3
                0x07006f0c                __modsi3
                0x07006f6c                __udivsi3
                0x07006f74                __umodsi3
 .text          0x07006f7c       0x18 d:/altera/12.1sp1b243/nios2eds/bin/gnu/h-i686-mingw32/bin/../lib/gcc/nios2-elf/4.1.2/../../../../nios2-elf/lib\libc.a(lib_a-atoi.o)
                0x07006f7c                _atoi_r
                0x07006f88                atoi
 .text          0x07006f94       0x1c d:/altera/12.1sp1b243/nios2eds/bin/gnu/h-i686-mingw32/bin/../lib/gcc/nios2-elf/4.1.2/../../../../nios2-elf/lib\libc.a(lib_a-calloc.o)
                0x07006f94                calloc
 .text          0x07006fb0       0xb4 d:/altera/12.1sp1b243/nios2eds/bin/gnu/h-i686-mingw32/bin/../lib/gcc/nios2-elf/4.1.2/../../../../nios2-elf/lib\libc.a(lib_a-callocr.o)
                0x07006fb0                _calloc_r
 .text          0x07007064        0x0 d:/altera/12.1sp1b243/nios2eds/bin/gnu/h-i686-mingw32/bin/../lib/gcc/nios2-elf/4.1.2/../../../../nios2-elf/lib\libc.a(lib_a-ctype_.o)
 .text          0x07007064      0x124 d:/altera/12.1sp1b243/nios2eds/bin/gnu/h-i686-mingw32/bin/../lib/gcc/nios2-elf/4.1.2/../../../../nios2-elf/lib\libc.a(lib_a-fclose.o)
                0x07007064                _fclose_r
                0x07007174                fclose
 .text          0x07007188      0x230 d:/altera/12.1sp1b243/nios2eds/bin/gnu/h-i686-mingw32/bin/../lib/gcc/nios2-elf/4.1.2/../../../../nios2-elf/lib\libc.a(lib_a-fflush.o)
                0x07007188                _fflush_r
                0x07007384                fflush
 .text          0x070073b8       0x48 d:/altera/12.1sp1b243/nios2eds/bin/gnu/h-i686-mingw32/bin/../lib/gcc/nios2-elf/4.1.2/../../../../nios2-elf/lib\libc.a(lib_a-fgetpos.o)
                0x070073b8                _fgetpos_r
                0x070073e4                fgetpos
 .text          0x07007400      0x2c0 d:/altera/12.1sp1b243/nios2eds/bin/gnu/h-i686-mingw32/bin/../lib/gcc/nios2-elf/4.1.2/../../../../nios2-elf/lib\libc.a(lib_a-findfp.o)
                0x07007458                __sfp_lock_acquire
                0x0700745c                __sfp_lock_release
                0x07007460                __sinit_lock_acquire
                0x07007464                __sinit_lock_release
                0x07007468                __sinit
                0x0700751c                __fp_unlock_all
                0x07007534                __fp_lock_all
                0x0700754c                _cleanup_r
                0x07007558                _cleanup
                0x07007568                __sfmoreglue
                0x070075d0                __sfp
 .text          0x070076c0      0x110 d:/altera/12.1sp1b243/nios2eds/bin/gnu/h-i686-mingw32/bin/../lib/gcc/nios2-elf/4.1.2/../../../../nios2-elf/lib\libc.a(lib_a-fopen.o)
                0x070076c0                _fopen_r
                0x070077b4                fopen
 .text          0x070077d0      0x23c d:/altera/12.1sp1b243/nios2eds/bin/gnu/h-i686-mingw32/bin/../lib/gcc/nios2-elf/4.1.2/../../../../nios2-elf/lib\libc.a(lib_a-fread.o)
                0x070077d0                _fread_r
                0x070079cc                fread
 .text          0x07007a0c      0x440 d:/altera/12.1sp1b243/nios2eds/bin/gnu/h-i686-mingw32/bin/../lib/gcc/nios2-elf/4.1.2/../../../../nios2-elf/lib\libc.a(lib_a-freer.o)
                0x07007a0c                _malloc_trim_r
                0x07007b38                _free_r
 .text          0x07007e4c      0x460 d:/altera/12.1sp1b243/nios2eds/bin/gnu/h-i686-mingw32/bin/../lib/gcc/nios2-elf/4.1.2/../../../../nios2-elf/lib\libc.a(lib_a-fseek.o)
                0x07007e4c                _fseek_r
                0x07008288                fseek
 .text          0x070082ac       0x74 d:/altera/12.1sp1b243/nios2eds/bin/gnu/h-i686-mingw32/bin/../lib/gcc/nios2-elf/4.1.2/../../../../nios2-elf/lib\libc.a(lib_a-fstatr.o)
                0x070082ac                _fstat_r
 .text          0x07008320      0x10c d:/altera/12.1sp1b243/nios2eds/bin/gnu/h-i686-mingw32/bin/../lib/gcc/nios2-elf/4.1.2/../../../../nios2-elf/lib\libc.a(lib_a-ftell.o)
                0x07008320                _ftell_r
                0x07008418                ftell
 .text          0x0700842c      0x180 d:/altera/12.1sp1b243/nios2eds/bin/gnu/h-i686-mingw32/bin/../lib/gcc/nios2-elf/4.1.2/../../../../nios2-elf/lib\libc.a(lib_a-fwalk.o)
                0x0700842c                _fwalk_reent
                0x070084f4                _fwalk
 .text          0x070085ac       0xdc d:/altera/12.1sp1b243/nios2eds/bin/gnu/h-i686-mingw32/bin/../lib/gcc/nios2-elf/4.1.2/../../../../nios2-elf/lib\libc.a(lib_a-fwrite.o)
                0x070085ac                _fwrite_r
                0x07008648                fwrite
 .text          0x07008688      0x128 d:/altera/12.1sp1b243/nios2eds/bin/gnu/h-i686-mingw32/bin/../lib/gcc/nios2-elf/4.1.2/../../../../nios2-elf/lib\libc.a(lib_a-getc.o)
                0x07008688                getc
                0x07008720                _getc_r
 .text          0x070087b0        0x0 d:/altera/12.1sp1b243/nios2eds/bin/gnu/h-i686-mingw32/bin/../lib/gcc/nios2-elf/4.1.2/../../../../nios2-elf/lib\libc.a(lib_a-impure.o)
 .text          0x070087b0        0x0 d:/altera/12.1sp1b243/nios2eds/bin/gnu/h-i686-mingw32/bin/../lib/gcc/nios2-elf/4.1.2/../../../../nios2-elf/lib\libc.a(lib_a-int_errno.o)
 .text          0x070087b0      0x194 d:/altera/12.1sp1b243/nios2eds/bin/gnu/h-i686-mingw32/bin/../lib/gcc/nios2-elf/4.1.2/../../../../nios2-elf/lib\libc.a(lib_a-makebuf.o)
                0x070087b0                __smakebuf_r
 .text          0x07008944       0x28 d:/altera/12.1sp1b243/nios2eds/bin/gnu/h-i686-mingw32/bin/../lib/gcc/nios2-elf/4.1.2/../../../../nios2-elf/lib\libc.a(lib_a-malloc.o)
                0x07008944                free
                0x07008958                malloc
 .text          0x0700896c      0x740 d:/altera/12.1sp1b243/nios2eds/bin/gnu/h-i686-mingw32/bin/../lib/gcc/nios2-elf/4.1.2/../../../../nios2-elf/lib\libc.a(lib_a-mallocr.o)
                0x0700896c                _malloc_r
 .text          0x070090ac       0xe4 d:/altera/12.1sp1b243/nios2eds/bin/gnu/h-i686-mingw32/bin/../lib/gcc/nios2-elf/4.1.2/../../../../nios2-elf/lib\libc.a(lib_a-memchr.o)
                0x070090ac                memchr
 .text          0x07009190       0x74 d:/altera/12.1sp1b243/nios2eds/bin/gnu/h-i686-mingw32/bin/../lib/gcc/nios2-elf/4.1.2/../../../../nios2-elf/lib\libc.a(lib_a-memcmp.o)
                0x07009190                memcmp
 .text          0x07009204       0xa0 d:/altera/12.1sp1b243/nios2eds/bin/gnu/h-i686-mingw32/bin/../lib/gcc/nios2-elf/4.1.2/../../../../nios2-elf/lib\libc.a(lib_a-memcpy.o)
                0x07009204                memcpy
 .text          0x070092a4       0xe0 d:/altera/12.1sp1b243/nios2eds/bin/gnu/h-i686-mingw32/bin/../lib/gcc/nios2-elf/4.1.2/../../../../nios2-elf/lib\libc.a(lib_a-memmove.o)
                0x070092a4                memmove
 .text          0x07009384       0x98 d:/altera/12.1sp1b243/nios2eds/bin/gnu/h-i686-mingw32/bin/../lib/gcc/nios2-elf/4.1.2/../../../../nios2-elf/lib\libc.a(lib_a-memset.o)
                0x07009384                memset
 .text          0x0700941c       0x78 d:/altera/12.1sp1b243/nios2eds/bin/gnu/h-i686-mingw32/bin/../lib/gcc/nios2-elf/4.1.2/../../../../nios2-elf/lib\libc.a(lib_a-openr.o)
                0x0700941c                _open_r
 .text          0x07009494       0x80 d:/altera/12.1sp1b243/nios2eds/bin/gnu/h-i686-mingw32/bin/../lib/gcc/nios2-elf/4.1.2/../../../../nios2-elf/lib\libc.a(lib_a-perror.o)
                0x07009494                _perror_r
                0x07009500                perror
 .text          0x07009514      0x1ec d:/altera/12.1sp1b243/nios2eds/bin/gnu/h-i686-mingw32/bin/../lib/gcc/nios2-elf/4.1.2/../../../../nios2-elf/lib\libc.a(lib_a-putc.o)
                0x07009514                putc
                0x07009618                _putc_r
 .text          0x07009700       0xb4 d:/altera/12.1sp1b243/nios2eds/bin/gnu/h-i686-mingw32/bin/../lib/gcc/nios2-elf/4.1.2/../../../../nios2-elf/lib\libc.a(lib_a-puts.o)
                0x07009700                _puts_r
                0x070097a0                puts
 .text          0x070097b4      0x1e0 d:/altera/12.1sp1b243/nios2eds/bin/gnu/h-i686-mingw32/bin/../lib/gcc/nios2-elf/4.1.2/../../../../nios2-elf/lib\libc.a(lib_a-refill.o)
                0x070097b4                __srefill_r
 .text          0x07009994       0x60 d:/altera/12.1sp1b243/nios2eds/bin/gnu/h-i686-mingw32/bin/../lib/gcc/nios2-elf/4.1.2/../../../../nios2-elf/lib\libc.a(lib_a-rget.o)
                0x07009994                __srget_r
                0x070099e0                __srget
 .text          0x070099f4       0x70 d:/altera/12.1sp1b243/nios2eds/bin/gnu/h-i686-mingw32/bin/../lib/gcc/nios2-elf/4.1.2/../../../../nios2-elf/lib\libc.a(lib_a-sbrkr.o)
                0x070099f4                _sbrk_r
 .text          0x07009a64       0xd4 d:/altera/12.1sp1b243/nios2eds/bin/gnu/h-i686-mingw32/bin/../lib/gcc/nios2-elf/4.1.2/../../../../nios2-elf/lib\libc.a(lib_a-sprintf.o)
                0x07009a64                sprintf
                0x07009ad8                _sprintf_r
 .text          0x07009b38      0x114 d:/altera/12.1sp1b243/nios2eds/bin/gnu/h-i686-mingw32/bin/../lib/gcc/nios2-elf/4.1.2/../../../../nios2-elf/lib\libc.a(lib_a-sscanf.o)
                0x07009b40                _sscanf_r
                0x07009bc8                sscanf
 .text          0x07009c4c      0x14c d:/altera/12.1sp1b243/nios2eds/bin/gnu/h-i686-mingw32/bin/../lib/gcc/nios2-elf/4.1.2/../../../../nios2-elf/lib\libc.a(lib_a-stdio.o)
                0x07009c4c                __sclose
                0x07009c54                __sseek
                0x07009cbc                __swrite
                0x07009d38                __sread
 .text          0x07009d98       0xb0 d:/altera/12.1sp1b243/nios2eds/bin/gnu/h-i686-mingw32/bin/../lib/gcc/nios2-elf/4.1.2/../../../../nios2-elf/lib\libc.a(lib_a-strcasecmp.o)
                0x07009d98                strcasecmp
 .text          0x07009e48       0xe0 d:/altera/12.1sp1b243/nios2eds/bin/gnu/h-i686-mingw32/bin/../lib/gcc/nios2-elf/4.1.2/../../../../nios2-elf/lib\libc.a(lib_a-strchr.o)
                0x07009e48                strchr
 .text          0x07009f28       0xbc d:/altera/12.1sp1b243/nios2eds/bin/gnu/h-i686-mingw32/bin/../lib/gcc/nios2-elf/4.1.2/../../../../nios2-elf/lib\libc.a(lib_a-strcmp.o)
                0x07009f28                strcmp
 .text          0x07009fe4       0x8c d:/altera/12.1sp1b243/nios2eds/bin/gnu/h-i686-mingw32/bin/../lib/gcc/nios2-elf/4.1.2/../../../../nios2-elf/lib\libc.a(lib_a-strcpy.o)
                0x07009fe4                strcpy
 .text          0x0700a070      0x674 d:/altera/12.1sp1b243/nios2eds/bin/gnu/h-i686-mingw32/bin/../lib/gcc/nios2-elf/4.1.2/../../../../nios2-elf/lib\libc.a(lib_a-strerror.o)
                0x0700a070                strerror
 .text          0x0700a6e4       0x74 d:/altera/12.1sp1b243/nios2eds/bin/gnu/h-i686-mingw32/bin/../lib/gcc/nios2-elf/4.1.2/../../../../nios2-elf/lib\libc.a(lib_a-strlen.o)
                0x0700a6e4                strlen
 .text          0x0700a758       0xf0 d:/altera/12.1sp1b243/nios2eds/bin/gnu/h-i686-mingw32/bin/../lib/gcc/nios2-elf/4.1.2/../../../../nios2-elf/lib\libc.a(lib_a-strncmp.o)
                0x0700a758                strncmp
 .text          0x0700a848       0xbc d:/altera/12.1sp1b243/nios2eds/bin/gnu/h-i686-mingw32/bin/../lib/gcc/nios2-elf/4.1.2/../../../../nios2-elf/lib\libc.a(lib_a-strncpy.o)
                0x0700a848                strncpy
 .text          0x0700a904      0x794 d:/altera/12.1sp1b243/nios2eds/bin/gnu/h-i686-mingw32/bin/../lib/gcc/nios2-elf/4.1.2/../../../../nios2-elf/lib\libc.a(lib_a-strstr.o)
                0x0700aa38                strstr
 .text          0x0700b098       0x18 d:/altera/12.1sp1b243/nios2eds/bin/gnu/h-i686-mingw32/bin/../lib/gcc/nios2-elf/4.1.2/../../../../nios2-elf/lib\libc.a(lib_a-strtok.o)
                0x0700b098                strtok
 .text          0x0700b0b0       0xac d:/altera/12.1sp1b243/nios2eds/bin/gnu/h-i686-mingw32/bin/../lib/gcc/nios2-elf/4.1.2/../../../../nios2-elf/lib\libc.a(lib_a-strtok_r.o)
                0x0700b0b0                __strtok_r
                0x0700b154                strtok_r
 .text          0x0700b15c      0x268 d:/altera/12.1sp1b243/nios2eds/bin/gnu/h-i686-mingw32/bin/../lib/gcc/nios2-elf/4.1.2/../../../../nios2-elf/lib\libc.a(lib_a-strtol.o)
                0x0700b15c                _strtol_r
                0x0700b3a0                strtol
 .text          0x0700b3c4        0x8 d:/altera/12.1sp1b243/nios2eds/bin/gnu/h-i686-mingw32/bin/../lib/gcc/nios2-elf/4.1.2/../../../../nios2-elf/lib\libc.a(lib_a-u_strerr.o)
                0x0700b3c4                _user_strerror
 .text          0x0700b3cc     0x1f28 d:/altera/12.1sp1b243/nios2eds/bin/gnu/h-i686-mingw32/bin/../lib/gcc/nios2-elf/4.1.2/../../../../nios2-elf/lib\libc.a(lib_a-vfprintf.o)
                0x0700b424                ___vfprintf_internal_r
                0x0700d2d0                __vfprintf_internal
 .text          0x0700d2f4     0x1780 d:/altera/12.1sp1b243/nios2eds/bin/gnu/h-i686-mingw32/bin/../lib/gcc/nios2-elf/4.1.2/../../../../nios2-elf/lib\libc.a(lib_a-vfscanf.o)
                0x0700d2f4                __svfscanf_r
                0x0700e974                __svfscanf
                0x0700e998                _vfscanf_r
                0x0700ea00                vfscanf
 .text          0x0700ea74       0x74 d:/altera/12.1sp1b243/nios2eds/bin/gnu/h-i686-mingw32/bin/../lib/gcc/nios2-elf/4.1.2/../../../../nios2-elf/lib\libc.a(lib_a-vsprintf.o)
                0x0700ea74                _vsprintf_r
                0x0700eac4                vsprintf
 .text          0x0700eae8      0x14c d:/altera/12.1sp1b243/nios2eds/bin/gnu/h-i686-mingw32/bin/../lib/gcc/nios2-elf/4.1.2/../../../../nios2-elf/lib\libc.a(lib_a-wbuf.o)
                0x0700eae8                __swbuf_r
                0x0700ec18                __swbuf
 .text          0x0700ec34       0x78 d:/altera/12.1sp1b243/nios2eds/bin/gnu/h-i686-mingw32/bin/../lib/gcc/nios2-elf/4.1.2/../../../../nios2-elf/lib\libc.a(lib_a-writer.o)
                0x0700ec34                _write_r
 .text          0x0700ecac      0x13c d:/altera/12.1sp1b243/nios2eds/bin/gnu/h-i686-mingw32/bin/../lib/gcc/nios2-elf/4.1.2/../../../../nios2-elf/lib\libc.a(lib_a-wsetup.o)
                0x0700ecac                __swsetup_r
 .text          0x0700ede8       0x70 d:/altera/12.1sp1b243/nios2eds/bin/gnu/h-i686-mingw32/bin/../lib/gcc/nios2-elf/4.1.2/../../../../nios2-elf/lib\libc.a(lib_a-closer.o)
                0x0700ede8                _close_r
 .text          0x0700ee58     0x17cc d:/altera/12.1sp1b243/nios2eds/bin/gnu/h-i686-mingw32/bin/../lib/gcc/nios2-elf/4.1.2/../../../../nios2-elf/lib\libc.a(lib_a-dtoa.o)
                0x0700f070                _dtoa_r
 .text          0x07010624       0xa0 d:/altera/12.1sp1b243/nios2eds/bin/gnu/h-i686-mingw32/bin/../lib/gcc/nios2-elf/4.1.2/../../../../nios2-elf/lib\libc.a(lib_a-flags.o)
                0x07010624                __sflags
 .text          0x070106c4       0xbc d:/altera/12.1sp1b243/nios2eds/bin/gnu/h-i686-mingw32/bin/../lib/gcc/nios2-elf/4.1.2/../../../../nios2-elf/lib\libc.a(lib_a-fputc.o)
                0x070106c4                fputc
                0x07010728                _fputc_r
 .text          0x07010780       0x90 d:/altera/12.1sp1b243/nios2eds/bin/gnu/h-i686-mingw32/bin/../lib/gcc/nios2-elf/4.1.2/../../../../nios2-elf/lib\libc.a(lib_a-fputs.o)
                0x07010780                _fputs_r
                0x070107f4                fputs
 .text          0x07010810      0x49c d:/altera/12.1sp1b243/nios2eds/bin/gnu/h-i686-mingw32/bin/../lib/gcc/nios2-elf/4.1.2/../../../../nios2-elf/lib\libc.a(lib_a-fvwrite.o)
                0x07010810                __sfvwrite_r
 .text          0x07010cac       0x70 d:/altera/12.1sp1b243/nios2eds/bin/gnu/h-i686-mingw32/bin/../lib/gcc/nios2-elf/4.1.2/../../../../nios2-elf/lib\libc.a(lib_a-isattyr.o)
                0x07010cac                _isatty_r
 .text          0x07010d1c       0x2c d:/altera/12.1sp1b243/nios2eds/bin/gnu/h-i686-mingw32/bin/../lib/gcc/nios2-elf/4.1.2/../../../../nios2-elf/lib\libc.a(lib_a-iswspace.o)
                0x07010d1c                iswspace
 .text          0x07010d48       0xc4 d:/altera/12.1sp1b243/nios2eds/bin/gnu/h-i686-mingw32/bin/../lib/gcc/nios2-elf/4.1.2/../../../../nios2-elf/lib\libc.a(lib_a-locale.o)
                0x07010d48                __locale_charset
                0x07010d50                _localeconv_r
                0x07010d5c                localeconv
                0x07010d6c                _setlocale_r
                0x07010df0                setlocale
 .text          0x07010e0c       0x78 d:/altera/12.1sp1b243/nios2eds/bin/gnu/h-i686-mingw32/bin/../lib/gcc/nios2-elf/4.1.2/../../../../nios2-elf/lib\libc.a(lib_a-lseekr.o)
                0x07010e0c                _lseek_r
 .text          0x07010e84       0xc0 d:/altera/12.1sp1b243/nios2eds/bin/gnu/h-i686-mingw32/bin/../lib/gcc/nios2-elf/4.1.2/../../../../nios2-elf/lib\libc.a(lib_a-mbrtowc.o)
                0x07010e84                _mbrtowc_r
                0x07010f04                mbrtowc
 .text          0x07010f44       0x40 d:/altera/12.1sp1b243/nios2eds/bin/gnu/h-i686-mingw32/bin/../lib/gcc/nios2-elf/4.1.2/../../../../nios2-elf/lib\libc.a(lib_a-mbtowc_r.o)
                0x07010f44                _mbtowc_r
 .text          0x07010f84      0xff4 d:/altera/12.1sp1b243/nios2eds/bin/gnu/h-i686-mingw32/bin/../lib/gcc/nios2-elf/4.1.2/../../../../nios2-elf/lib\libc.a(lib_a-mprec.o)
                0x07010f84                _Bfree
                0x07010fac                __hi0bits
                0x0701101c                __lo0bits
                0x070110e0                __mcmp
                0x07011140                __ulp
                0x070111c0                __b2d
                0x070112e0                __ratio
                0x07011390                _mprec_log10
                0x07011424                __copybits
                0x0701147c                __any_on
                0x07011504                _Balloc
                0x070115c0                __d2b
                0x0701173c                __mdiff
                0x070118c8                __lshift
                0x07011a14                __multiply
                0x07011bfc                __i2b
                0x07011c38                __multadd
                0x07011d38                __pow5mult
                0x07011e58                __s2b
 .text          0x07011f78       0x78 d:/altera/12.1sp1b243/nios2eds/bin/gnu/h-i686-mingw32/bin/../lib/gcc/nios2-elf/4.1.2/../../../../nios2-elf/lib\libc.a(lib_a-readr.o)
                0x07011f78                _read_r
 .text          0x07011ff0      0x5f4 d:/altera/12.1sp1b243/nios2eds/bin/gnu/h-i686-mingw32/bin/../lib/gcc/nios2-elf/4.1.2/../../../../nios2-elf/lib\libc.a(lib_a-reallocr.o)
                0x07011ff0                _realloc_r
 .text          0x070125e4       0x40 d:/altera/12.1sp1b243/nios2eds/bin/gnu/h-i686-mingw32/bin/../lib/gcc/nios2-elf/4.1.2/../../../../nios2-elf/lib\libc.a(lib_a-s_isinfd.o)
                0x070125e4                __isinfd
 .text          0x07012624       0x30 d:/altera/12.1sp1b243/nios2eds/bin/gnu/h-i686-mingw32/bin/../lib/gcc/nios2-elf/4.1.2/../../../../nios2-elf/lib\libc.a(lib_a-s_isnand.o)
                0x07012624                __isnand
 .text          0x07012654       0xc0 d:/altera/12.1sp1b243/nios2eds/bin/gnu/h-i686-mingw32/bin/../lib/gcc/nios2-elf/4.1.2/../../../../nios2-elf/lib\libc.a(lib_a-sccl.o)
                0x07012654                __sccl
 .text          0x07012714        0x8 d:/altera/12.1sp1b243/nios2eds/bin/gnu/h-i686-mingw32/bin/../lib/gcc/nios2-elf/4.1.2/../../../../nios2-elf/lib\libc.a(lib_a-sf_nan.o)
                0x07012714                nanf
 .text          0x0701271c     0x166c d:/altera/12.1sp1b243/nios2eds/bin/gnu/h-i686-mingw32/bin/../lib/gcc/nios2-elf/4.1.2/../../../../nios2-elf/lib\libc.a(lib_a-strtod.o)
                0x07012764                _strtod_r
                0x07013c48                strtof
                0x07013d6c                strtod
 .text          0x07013d88      0x318 d:/altera/12.1sp1b243/nios2eds/bin/gnu/h-i686-mingw32/bin/../lib/gcc/nios2-elf/4.1.2/../../../../nios2-elf/lib\libc.a(lib_a-strtoll_r.o)
                0x07013d88                _strtoll_r
 .text          0x070140a0      0x254 d:/altera/12.1sp1b243/nios2eds/bin/gnu/h-i686-mingw32/bin/../lib/gcc/nios2-elf/4.1.2/../../../../nios2-elf/lib\libc.a(lib_a-strtoul.o)
                0x070140a0                _strtoul_r
                0x070142d0                strtoul
 .text          0x070142f4      0x2f0 d:/altera/12.1sp1b243/nios2eds/bin/gnu/h-i686-mingw32/bin/../lib/gcc/nios2-elf/4.1.2/../../../../nios2-elf/lib\libc.a(lib_a-strtoull_r.o)
                0x070142f4                _strtoull_r
 .text          0x070145e4      0x294 d:/altera/12.1sp1b243/nios2eds/bin/gnu/h-i686-mingw32/bin/../lib/gcc/nios2-elf/4.1.2/../../../../nios2-elf/lib\libc.a(lib_a-ungetc.o)
                0x070145e4                __submore
                0x070146c0                _ungetc_r
                0x0701485c                ungetc
 .text          0x07014878      0x8f4 d:/altera/12.1sp1b243/nios2eds/bin/gnu/h-i686-mingw32/bin/../lib/gcc/nios2-elf/4.1.2/../../../../nios2-elf/lib\libc.a(lib_a-gdtoa-gethex.o)
                0x0701489c                __hexdig_init
                0x070149b4                __gethex
 .text          0x0701516c      0x294 d:/altera/12.1sp1b243/nios2eds/bin/gnu/h-i686-mingw32/bin/../lib/gcc/nios2-elf/4.1.2/../../../../nios2-elf/lib\libc.a(lib_a-gdtoa-hexnan.o)
                0x070151b8                __hexnan
 .text          0x07015400       0x98 d:/altera/12.1sp1b243/nios2eds/bin/gnu/h-i686-mingw32/bin/../lib/gcc/nios2-elf/4.1.2\libgcc.a(_muldi3.o)
                0x07015400                __muldi3
 .text          0x07015498       0xa4 d:/altera/12.1sp1b243/nios2eds/bin/gnu/h-i686-mingw32/bin/../lib/gcc/nios2-elf/4.1.2\libgcc.a(_fixunsdfsi.o)
                0x07015498                __fixunsdfsi
 .text          0x0701553c      0x5dc d:/altera/12.1sp1b243/nios2eds/bin/gnu/h-i686-mingw32/bin/../lib/gcc/nios2-elf/4.1.2\libgcc.a(_udivdi3.o)
                0x0701553c                __udivdi3
 .text          0x07015b18      0x5b0 d:/altera/12.1sp1b243/nios2eds/bin/gnu/h-i686-mingw32/bin/../lib/gcc/nios2-elf/4.1.2\libgcc.a(_umoddi3.o)
                0x07015b18                __umoddi3
 .text          0x070160c8       0x78 d:/altera/12.1sp1b243/nios2eds/bin/gnu/h-i686-mingw32/bin/../lib/gcc/nios2-elf/4.1.2\libgcc.a(_ne_sf.o)
                0x070160c8                __nesf2
 .text          0x07016140       0x78 d:/altera/12.1sp1b243/nios2eds/bin/gnu/h-i686-mingw32/bin/../lib/gcc/nios2-elf/4.1.2\libgcc.a(_gt_sf.o)
                0x07016140                __gtsf2
 .text          0x070161b8       0x78 d:/altera/12.1sp1b243/nios2eds/bin/gnu/h-i686-mingw32/bin/../lib/gcc/nios2-elf/4.1.2\libgcc.a(_lt_sf.o)
                0x070161b8                __ltsf2
 .text          0x07016230      0x504 d:/altera/12.1sp1b243/nios2eds/bin/gnu/h-i686-mingw32/bin/../lib/gcc/nios2-elf/4.1.2\libgcc.a(_addsub_df.o)
                0x07016640                __subdf3
                0x070166c0                __adddf3
 .text          0x07016734      0x3c4 d:/altera/12.1sp1b243/nios2eds/bin/gnu/h-i686-mingw32/bin/../lib/gcc/nios2-elf/4.1.2\libgcc.a(_mul_df.o)
                0x07016734                __muldf3
 .text          0x07016af8      0x258 d:/altera/12.1sp1b243/nios2eds/bin/gnu/h-i686-mingw32/bin/../lib/gcc/nios2-elf/4.1.2\libgcc.a(_div_df.o)
                0x07016af8                __divdf3
 .text          0x07016d50       0x88 d:/altera/12.1sp1b243/nios2eds/bin/gnu/h-i686-mingw32/bin/../lib/gcc/nios2-elf/4.1.2\libgcc.a(_eq_df.o)
                0x07016d50                __eqdf2
 .text          0x07016dd8       0x88 d:/altera/12.1sp1b243/nios2eds/bin/gnu/h-i686-mingw32/bin/../lib/gcc/nios2-elf/4.1.2\libgcc.a(_ne_df.o)
                0x07016dd8                __nedf2
 .text          0x07016e60       0x88 d:/altera/12.1sp1b243/nios2eds/bin/gnu/h-i686-mingw32/bin/../lib/gcc/nios2-elf/4.1.2\libgcc.a(_gt_df.o)
                0x07016e60                __gtdf2
 .text          0x07016ee8       0x88 d:/altera/12.1sp1b243/nios2eds/bin/gnu/h-i686-mingw32/bin/../lib/gcc/nios2-elf/4.1.2\libgcc.a(_ge_df.o)
                0x07016ee8                __gedf2
 .text          0x07016f70       0x88 d:/altera/12.1sp1b243/nios2eds/bin/gnu/h-i686-mingw32/bin/../lib/gcc/nios2-elf/4.1.2\libgcc.a(_lt_df.o)
                0x07016f70                __ltdf2
 .text          0x07016ff8       0x88 d:/altera/12.1sp1b243/nios2eds/bin/gnu/h-i686-mingw32/bin/../lib/gcc/nios2-elf/4.1.2\libgcc.a(_le_df.o)
                0x07016ff8                __ledf2
 .text          0x07017080       0xf8 d:/altera/12.1sp1b243/nios2eds/bin/gnu/h-i686-mingw32/bin/../lib/gcc/nios2-elf/4.1.2\libgcc.a(_si_to_df.o)
                0x07017080                __floatsidf
 .text          0x07017178       0xd8 d:/altera/12.1sp1b243/nios2eds/bin/gnu/h-i686-mingw32/bin/../lib/gcc/nios2-elf/4.1.2\libgcc.a(_df_to_si.o)
                0x07017178                __fixdfsi
 .text          0x07017250       0x74 d:/altera/12.1sp1b243/nios2eds/bin/gnu/h-i686-mingw32/bin/../lib/gcc/nios2-elf/4.1.2\libgcc.a(_df_to_sf.o)
                0x07017250                __truncdfsf2
 .text          0x070172c4        0x0 d:/altera/12.1sp1b243/nios2eds/bin/gnu/h-i686-mingw32/bin/../lib/gcc/nios2-elf/4.1.2\libgcc.a(_thenan_df.o)
 .text          0x070172c4      0x194 d:/altera/12.1sp1b243/nios2eds/bin/gnu/h-i686-mingw32/bin/../lib/gcc/nios2-elf/4.1.2\libgcc.a(_usi_to_df.o)
                0x070172c4                __floatunsidf
 .text          0x07017458        0x0 d:/altera/12.1sp1b243/nios2eds/bin/gnu/h-i686-mingw32/bin/../lib/gcc/nios2-elf/4.1.2\libgcc.a(_clz.o)
 .text          0x07017458       0x80 d:/altera/12.1sp1b243/nios2eds/bin/gnu/h-i686-mingw32/bin/../lib/gcc/nios2-elf/4.1.2\libgcc.a(_clzsi2.o)
                0x07017458                __clzsi2
 .text          0x070174d8       0xc8 d:/altera/12.1sp1b243/nios2eds/bin/gnu/h-i686-mingw32/bin/../lib/gcc/nios2-elf/4.1.2\libgcc.a(_unpack_sf.o)
                0x070174d8                __unpack_f
 .text          0x070175a0       0xa8 d:/altera/12.1sp1b243/nios2eds/bin/gnu/h-i686-mingw32/bin/../lib/gcc/nios2-elf/4.1.2\libgcc.a(_fpcmp_parts_sf.o)
                0x070175a0                __fpcmp_parts_f
 .text          0x07017648       0x2c d:/altera/12.1sp1b243/nios2eds/bin/gnu/h-i686-mingw32/bin/../lib/gcc/nios2-elf/4.1.2\libgcc.a(_make_sf.o)
                0x07017648                __make_fp
 .text          0x07017674      0x314 d:/altera/12.1sp1b243/nios2eds/bin/gnu/h-i686-mingw32/bin/../lib/gcc/nios2-elf/4.1.2\libgcc.a(_pack_df.o)
                0x07017674                __pack_d
 .text          0x07017988      0x138 d:/altera/12.1sp1b243/nios2eds/bin/gnu/h-i686-mingw32/bin/../lib/gcc/nios2-elf/4.1.2\libgcc.a(_unpack_df.o)
                0x07017988                __unpack_d
 .text          0x07017ac0       0xc8 d:/altera/12.1sp1b243/nios2eds/bin/gnu/h-i686-mingw32/bin/../lib/gcc/nios2-elf/4.1.2\libgcc.a(_fpcmp_parts_df.o)
                0x07017ac0                __fpcmp_parts_d
 .text          0x07017b88      0x160 d:/altera/12.1sp1b243/nios2eds/bin/gnu/h-i686-mingw32/bin/../lib/gcc/nios2-elf/4.1.2\libgcc.a(_pack_sf.o)
                0x07017b88                __pack_f
 .text          0x07017ce8      0x134 ../../bsp/ucosii_net_rozipfs/\libucosii_bsp.a(alt_fstat.o)
                0x07017ce8                fstat
 .text          0x07017e1c      0x120 ../../bsp/ucosii_net_rozipfs/\libucosii_bsp.a(alt_isatty.o)
                0x07017e1c                isatty
 .text          0x07017f3c      0x150 ../../bsp/ucosii_net_rozipfs/\libucosii_bsp.a(alt_lseek.o)
                0x07017f3c                lseek
 .text          0x0701808c       0xc8 ../../bsp/ucosii_net_rozipfs/\libucosii_bsp.a(alt_main.o)
                0x0701808c                alt_main
 .text          0x07018154      0x2c4 ../../bsp/ucosii_net_rozipfs/\libucosii_bsp.a(alt_open.o)
                0x07018230                open
 .text          0x07018418       0x60 ../../bsp/ucosii_net_rozipfs/\libucosii_bsp.a(alt_release_fd.o)
                0x07018418                alt_release_fd
 .text          0x07018478       0xbc ../../bsp/ucosii_net_rozipfs/\libucosii_bsp.a(alt_sbrk.o)
                0x07018478                sbrk
 .text          0x07018534      0x1a8 ../../bsp/ucosii_net_rozipfs/\libucosii_bsp.a(alt_tick.o)
                0x07018534                alt_alarm_stop
                0x070185cc                alt_tick
 .text          0x070186dc      0x118 ../../bsp/ucosii_net_rozipfs/\libucosii_bsp.a(alt_usleep.o)
                0x070186dc                usleep
 .text          0x070187f4      0x108 ../../bsp/ucosii_net_rozipfs/\libucosii_bsp.a(alt_env_lock.o)
                0x070187f4                __env_lock
                0x070188a0                __env_unlock
 .text          0x070188fc      0x1d8 ../../bsp/ucosii_net_rozipfs/\libucosii_bsp.a(alt_malloc_lock.o)
                0x070188fc                __malloc_lock
                0x07018a04                __malloc_unlock
 .text          0x07018ad4     0x2128 ../../bsp/ucosii_net_rozipfs/\libucosii_bsp.a(os_core.o)
                0x07018ad4                OSEventNameGet
                0x07018c04                OSEventNameSet
                0x07018d48                OSEventPendMulti
                0x070193fc                OSInit
                0x07019450                OSIntEnter
                0x070194cc                OSIntExit
                0x070195cc                OSSchedLock
                0x07019658                OSSchedUnlock
                0x0701973c                OSStart
                0x070197ac                OSStatInit
                0x07019858                OSTimeTick
                0x07019a98                OSVersion
                0x07019ab8                OS_Dummy
                0x07019ad4                OS_EventTaskRdy
                0x07019c68                OS_EventTaskWait
                0x07019d78                OS_EventTaskWaitMulti
                0x07019ecc                OS_EventTaskRemove
                0x07019f84                OS_EventTaskRemoveMulti
                0x0701a088                OS_EventWaitListInit
                0x0701a454                OS_MemClr
                0x0701a4a8                OS_MemCopy
                0x0701a514                OS_Sched
                0x0701a658                OS_StrCopy
                0x0701a6d8                OS_StrLen
                0x0701a730                OS_TaskIdle
                0x0701a78c                OS_TaskStat
                0x0701a854                OS_TaskStatStkChk
                0x0701a91c                OS_TCBInit
 .text          0x0701abfc      0x18c ../../bsp/ucosii_net_rozipfs/\libucosii_bsp.a(os_dbg.o)
                0x0701abfc                OSDebugInit
 .text          0x0701ad88     0x193c ../../bsp/ucosii_net_rozipfs/\libucosii_bsp.a(os_flag.o)
                0x0701ad88                OSFlagAccept
                0x0701b0bc                OSFlagCreate
                0x0701b1f8                OSFlagDel
                0x0701b4a0                OSFlagNameGet
                0x0701b5e4                OSFlagNameSet
                0x0701b738                OSFlagPend
                0x0701bd7c                OSFlagPendGetFlagsRdy
                0x0701bde4                OSFlagPost
                0x0701c18c                OSFlagQuery
                0x0701c424                OS_FlagInit
                0x0701c618                OS_FlagUnlink
 .text          0x0701c6c4      0xc8c ../../bsp/ucosii_net_rozipfs/\libucosii_bsp.a(os_mbox.o)
                0x0701c6c4                OSMboxAccept
                0x0701c768                OSMboxCreate
                0x0701c87c                OSMboxDel
                0x0701cb1c                OSMboxPend
                0x0701cde4                OSMboxPendAbort
                0x0701cf60                OSMboxPost
                0x0701d094                OSMboxPostOpt
                0x0701d220                OSMboxQuery
 .text          0x0701d350      0x808 ../../bsp/ucosii_net_rozipfs/\libucosii_bsp.a(os_mem.o)
                0x0701d350                OSMemCreate
                0x0701d56c                OSMemGet
                0x0701d670                OSMemNameGet
                0x0701d77c                OSMemNameSet
                0x0701d89c                OSMemPut
                0x0701d98c                OSMemQuery
                0x0701da88                OS_MemInit
 .text          0x0701db58     0x1334 ../../bsp/ucosii_net_rozipfs/\libucosii_bsp.a(os_q.o)
                0x0701db58                OSQAccept
                0x0701dcac                OSQCreate
                0x0701dec0                OSQDel
                0x0701e1c0                OSQFlush
                0x0701e288                OSQPend
                0x0701e5a8                OSQPendAbort
                0x0701e724                OSQPost
                0x0701e8a4                OSQPostFront
                0x0701ea2c                OSQPostOpt
                0x0701ec60                OSQQuery
                0x0701ede0                OS_QInit
 .text          0x0701ee8c      0xbc8 ../../bsp/ucosii_net_rozipfs/\libucosii_bsp.a(os_sem.o)
                0x0701ee8c                OSSemAccept
                0x0701ef4c                OSSemCreate
                0x0701f060                OSSemDel
                0x0701f300                OSSemPend
                0x0701f57c                OSSemPendAbort
                0x0701f6f8                OSSemPost
                0x0701f820                OSSemQuery
                0x0701f950                OSSemSet
 .text          0x0701fa54     0x1a40 ../../bsp/ucosii_net_rozipfs/\libucosii_bsp.a(os_task.o)
                0x0701fa54                OSTaskChangePrio
                0x0701ffc8                OSTaskCreate
                0x0702019c                OSTaskCreateExt
                0x0702039c                OSTaskDel
                0x070207a8                OSTaskDelReq
                0x07020918                OSTaskNameGet
                0x07020ad0                OSTaskNameSet
                0x07020c94                OSTaskResume
                0x07020eac                OSTaskStkChk
                0x070210a8                OSTaskSuspend
                0x070212d4                OSTaskQuery
                0x07021418                OS_TaskStkClr
 .text          0x07021494      0x59c ../../bsp/ucosii_net_rozipfs/\libucosii_bsp.a(os_time.o)
                0x07021494                OSTimeDly
                0x070215e0                OSTimeDlyHMSM
                0x07021758                OSTimeDlyResume
                0x07021968                OSTimeGet
                0x070219cc                OSTimeSet
 .text          0x07021a30      0x2fc ../../bsp/ucosii_net_rozipfs/\libucosii_bsp.a(alt_sys_init.o)
                0x07021a30                alt_irq_init
                0x07021a64                alt_sys_init
 .text          0x07021d2c      0x8c8 ../../bsp/ucosii_net_rozipfs/\libucosii_bsp.a(altera_avalon_cfi_flash.o)
                0x07021d2c                alt_flash_cfi_init
                0x07021e00                alt_flash_cfi_write
                0x070220c0                alt_flash_cfi_get_info
                0x07022150                alt_flash_cfi_read
                0x070221b8                alt_write_value_to_flash
                0x0702231c                alt_flash_program_block
 .text          0x070225f4     0x14a8 ../../bsp/ucosii_net_rozipfs/\libucosii_bsp.a(altera_avalon_cfi_flash_table.o)
                0x070225f4                alt_read_query_entry_8bit
                0x07022634                alt_read_query_entry_16bit
                0x07022678                alt_read_query_entry_32bit
                0x070226c0                alt_write_flash_command_8bit_device_8bit_mode
                0x070226fc                alt_write_flash_command_16bit_device_8bit_mode
                0x07022778                alt_write_flash_command_32bit_device_8bit_mode
                0x070227c0                alt_write_flash_command_16bit_device_16bit_mode
                0x07022804                alt_write_flash_command_32bit_device_16bit_mode
                0x0702284c                alt_write_flash_command_32bit_device_32bit_mode
                0x07022894                alt_write_native_8bit
                0x070228c8                alt_write_native_16bit
                0x070228fc                alt_write_native_32bit
                0x0702292c                alt_set_flash_width_func
                0x07022b0c                alt_set_flash_algorithm_func
                0x07022c34                alt_read_cfi_table
                0x07023214                alt_read_cfi_width
                0x070239c0                alt_check_primary_table
 .text          0x07023a9c      0x148 ../../bsp/ucosii_net_rozipfs/\libucosii_bsp.a(altera_avalon_jtag_uart_fd.o)
                0x07023a9c                altera_avalon_jtag_uart_read_fd
                0x07023af4                altera_avalon_jtag_uart_write_fd
                0x07023b4c                altera_avalon_jtag_uart_close_fd
                0x07023b94                altera_avalon_jtag_uart_ioctl_fd
 .text          0x07023be4      0x584 ../../bsp/ucosii_net_rozipfs/\libucosii_bsp.a(altera_avalon_jtag_uart_init.o)
                0x07023be4                altera_avalon_jtag_uart_init
                0x070240f4                altera_avalon_jtag_uart_close
 .text          0x07024168       0xf4 ../../bsp/ucosii_net_rozipfs/\libucosii_bsp.a(altera_avalon_jtag_uart_ioctl.o)
                0x07024168                altera_avalon_jtag_uart_ioctl
 .text          0x0702425c      0x2c0 ../../bsp/ucosii_net_rozipfs/\libucosii_bsp.a(altera_avalon_jtag_uart_read.o)
                0x0702425c                altera_avalon_jtag_uart_read
 .text          0x0702451c      0x2dc ../../bsp/ucosii_net_rozipfs/\libucosii_bsp.a(altera_avalon_jtag_uart_write.o)
                0x0702451c                altera_avalon_jtag_uart_write
 .text          0x070247f8      0xf3c ../../bsp/ucosii_net_rozipfs/\libucosii_bsp.a(altera_avalon_lcd_16207.o)
                0x07024fcc                altera_avalon_lcd_16207_write
                0x070255d0                altera_avalon_lcd_16207_init
 .text          0x07025734       0x58 ../../bsp/ucosii_net_rozipfs/\libucosii_bsp.a(altera_avalon_lcd_16207_fd.o)
                0x07025734                altera_avalon_lcd_16207_write_fd
 .text          0x0702578c      0xde4 ../../bsp/ucosii_net_rozipfs/\libucosii_bsp.a(altera_avalon_sgdma.o)
                0x0702578c                alt_avalon_sgdma_do_async_transfer
                0x070258c8                alt_avalon_sgdma_do_sync_transfer
                0x070259ec                alt_avalon_sgdma_construct_mem_to_mem_desc
                0x07025a5c                alt_avalon_sgdma_construct_mem_to_mem_desc_burst
                0x07025adc                alt_avalon_sgdma_construct_stream_to_mem_desc
                0x07025b30                alt_avalon_sgdma_construct_stream_to_mem_desc_burst
                0x07025ba0                alt_avalon_sgdma_construct_mem_to_stream_desc
                0x07025c14                alt_avalon_sgdma_construct_mem_to_stream_desc_burst
                0x07025c98                alt_avalon_sgdma_register_callback
                0x07025ce8                alt_avalon_sgdma_start
                0x07025d3c                alt_avalon_sgdma_stop
                0x07025d94                alt_avalon_sgdma_check_descriptor_status
                0x07025e04                alt_avalon_sgdma_open
                0x07025ebc                alt_avalon_sgdma_construct_descriptor
                0x07025f44                alt_avalon_sgdma_enable_desc_poll
                0x07025fc0                alt_avalon_sgdma_disable_desc_poll
                0x0702601c                alt_avalon_sgdma_construct_descriptor_burst
                0x070264c4                alt_avalon_sgdma_init
 .text          0x07026570      0x100 ../../bsp/ucosii_net_rozipfs/\libucosii_bsp.a(altera_avalon_timer_sc.o)
                0x070265e0                alt_avalon_timer_sc_init
 .text          0x07026670     0x5340 ../../bsp/ucosii_net_rozipfs/\libucosii_bsp.a(altera_avalon_tse.o)
                0x07026670                no_printf
                0x0702669c                tse_mac_initTransInfo2
                0x070266fc                tse_mac_sTxWrite
                0x070267ec                tse_mac_aRxRead
                0x07026890                tse_mac_SwReset
                0x07026924                tse_mac_setMIImode
                0x0702697c                tse_mac_setGMIImode
                0x070269d0                alt_tse_phy_add_profile
                0x07026ba8                alt_tse_system_add_sys
                0x070275bc                alt_tse_sys_enable_mdio_sharing
                0x07027734                alt_tse_mac_get_common_speed
                0x07027774                alt_tse_mac_set_common_speed
                0x070277bc                alt_tse_get_system_index
                0x07027838                alt_tse_get_mac_group_index
                0x070278b8                alt_tse_get_mac_info_index
                0x07027944                alt_tse_get_mac_info
                0x07027a24                alt_tse_mac_set_speed
                0x07027b10                alt_tse_mac_set_duplex
                0x07027ba8                getPHYSpeed
                0x070289b0                alt_tse_phy_rd_mdio_addr
                0x070289f8                alt_tse_phy_wr_mdio_addr
                0x07028a4c                alt_tse_phy_wr_mdio_reg
                0x07028b74                alt_tse_phy_rd_mdio_reg
                0x07028c38                alt_tse_phy_add_profile_default
                0x07028eb0                alt_tse_phy_print_profile
                0x070290a0                alt_tse_mac_group_init
                0x070297ac                alt_tse_mac_get_phy
                0x07029bc4                alt_tse_mac_associate_phy
                0x07029dfc                alt_tse_phy_cfg_pcs
                0x07029f1c                alt_tse_phy_init
                0x0702a030                alt_tse_phy_restart_an
                0x0702a1e0                alt_tse_phy_check_link
                0x0702a324                alt_tse_phy_get_cap
                0x0702a864                alt_tse_phy_set_adv_1000
                0x0702a9f8                alt_tse_phy_set_adv_100
                0x0702ac08                alt_tse_phy_set_adv_10
                0x0702ada0                alt_tse_phy_get_common_speed
                0x0702b0bc                alt_tse_phy_set_common_speed
                0x0702b5a0                marvell_phy_cfg
                0x0702b648                marvell_cfg_gmii
                0x0702b73c                marvell_cfg_sgmii
                0x0702b830                marvell_cfg_rgmii
                0x0702b930                DP83848C_link_status_read
 .text          0x0702b9b0      0xb70 ../../bsp/ucosii_net_rozipfs/\libucosii_bsp.a(altera_ro_zipfs.o)
                0x0702bc24                check_directory_header
                0x0702c17c                alt_ro_zipfs_open
                0x0702c214                alt_ro_zipfs_read
                0x0702c310                alt_ro_zipfs_seek
                0x0702c458                alt_ro_zipfs_fstat
                0x0702c4c8                alt_ro_zipfs_check_valid
 .text          0x0702c520     0x1784 ../../bsp/ucosii_net_rozipfs/\libucosii_bsp.a(ins_tse_mac.o)
                0x0702c520                triple_speed_ethernet_init
                0x0702c67c                prep_tse_mac
                0x0702c8e0                tse_mac_init
                0x0702d3c8                tse_mac_raw_send
                0x0702d6c0                tse_sgdmaRx_isr
                0x0702d768                tse_sgdma_read_init
                0x0702d910                tse_mac_rcv
                0x0702db60                tse_mac_stats
                0x0702dba0                tse_mac_close
 .text          0x0702dca4       0x54 ../../bsp/ucosii_net_rozipfs/\libucosii_bsp.a(alt_iniche_close.o)
                0x0702dca4                close
 .text          0x0702dcf8      0x144 ../../bsp/ucosii_net_rozipfs/\libucosii_bsp.a(alt_iniche_dev.o)
                0x0702dcf8                iniche_devices_init
 .text          0x0702de3c       0x78 ../../bsp/ucosii_net_rozipfs/\libucosii_bsp.a(alt_iniche_read.o)
                0x0702de3c                read
 .text          0x0702deb4       0x70 ../../bsp/ucosii_net_rozipfs/\libucosii_bsp.a(alt_iniche_write.o)
                0x0702deb4                write
 .text          0x0702df24      0xedc ../../bsp/ucosii_net_rozipfs/\libucosii_bsp.a(ipnet.o)
                0x0702df24                Netinit
                0x0702e570                fixup_subnet_mask
                0x0702e6d0                netclose
                0x0702e7b8                pktdemux
                0x0702eb8c                c_older
                0x0702ec5c                ip2mac
 .text          0x0702ee00      0x4b0 ../../bsp/ucosii_net_rozipfs/\libucosii_bsp.a(ipstart.o)
                0x0702ee00                ip_startup
                0x0702f0e4                exit_hook
                0x0702f150                ip_exit
                0x0702f220                if_netnumber
 .text          0x0702f2b0     0x100c ../../bsp/ucosii_net_rozipfs/\libucosii_bsp.a(igmp_cmn.o)
                0x0702f2b0                igmp_init
                0x0702f360                igmp_input
                0x0702f458                igmp_fasttimo
                0x0702f5f0                igmp_send
                0x0702f898                igmp_joingroup
                0x0702fb04                igmp_leavegroup
                0x0702fb80                igmp_validate
                0x0702fedc                igmp_print_stats
 .text          0x070302bc      0xb50 ../../bsp/ucosii_net_rozipfs/\libucosii_bsp.a(bsdsock.o)
                0x070302bc                bsd_accept
                0x070303f4                bsd_getpeername
                0x07030520                bsd_getsockname
                0x0703064c                bsd_i_sockoptlen
                0x07030804                bsd_getsockopt
                0x07030924                bsd_ioctl
                0x07030a28                bsd_inet_ntoa
                0x07030a58                bsd_recvfrom
                0x07030bb8                bsd_select
                0x07030d20                bsd_setsockopt
 .text          0x07030e0c      0x118 ../../bsp/ucosii_net_rozipfs/\libucosii_bsp.a(cksum.o)
                0x07030e0c                ccksum
                0x07030ebc                cksum
 .text          0x07030f24      0xa9c ../../bsp/ucosii_net_rozipfs/\libucosii_bsp.a(in_utils.o)
                0x07030f24                do_trap
                0x07030f50                nextarg
                0x07030fcc                hexdump
                0x07031114                print_ipad
                0x07031188                print_uptime
                0x070312b4                panic
                0x070312f8                print_eth
                0x0703145c                uslash
                0x070314dc                ns_printf
                0x07031660                std_out
                0x070316a4                con_page
                0x07031794                parse_args
 .text          0x070319c0      0x1c8 ../../bsp/ucosii_net_rozipfs/\libucosii_bsp.a(netmain.o)
                0x070319c0                netmain
                0x07031ab4                tk_netmain
                0x07031b3c                tk_nettick
 .text          0x07031b88      0x5e8 ../../bsp/ucosii_net_rozipfs/\libucosii_bsp.a(tk_crnos.o)
                0x07031b88                TK_OSTimeDly
                0x07031bb4                TK_OSTaskResume
                0x07031c24                tcp_sleep
                0x07031dc4                tcp_wakeup
                0x07031ec8                TK_OSTaskQuery
                0x07031f3c                tk_yield
                0x07031f68                tk_stats
 .text          0x07032170     0x3438 ../../bsp/ucosii_net_rozipfs/\libucosii_bsp.a(dhcpclnt.o)
                0x07032170                dhc_get_srv_ipaddr
                0x07032200                dhc_init
                0x070322bc                dhc_set_callback
                0x07032300                dhc_upcall
                0x07032b30                dhc_buildheader
                0x07032d4c                dhc_discover
                0x07033264                dhc_rx_offer
                0x07033368                dhc_request
                0x07033ea4                dhc_setip
                0x07034124                dhc_resetip
                0x07034208                dhc_decline
                0x070343ec                dhc_extract_opts
                0x070346a8                dhc_stats
                0x07034ba0                dhc_second
                0x0703513c                dhc_halt
                0x070351c4                dhc_reclaim
                0x07035394                dhc_state_init
                0x070353f4                dhc_alldone
                0x07035484                dhc_ifacedone
                0x070354f8                dhc_set_state
 .text          0x070355a8       0xcc ../../bsp/ucosii_net_rozipfs/\libucosii_bsp.a(dhcputil.o)
                0x070355a8                find_opt
 .text          0x07035674      0x79c ../../bsp/ucosii_net_rozipfs/\libucosii_bsp.a(pktalloc.o)
                0x07035674                pk_init
                0x07035904                pk_alloc
                0x070359e0                pk_validate
                0x07035c98                pk_free
                0x07035d44                pk_get_max_intrsafe_buf_len
                0x07035d64                dump_buf_estats
 .text          0x07035e10      0x288 ../../bsp/ucosii_net_rozipfs/\libucosii_bsp.a(q.o)
                0x07035e10                getq
                0x07035ed8                putq
                0x07035f88                qdel
 .text          0x07036098      0x31c ../../bsp/ucosii_net_rozipfs/\libucosii_bsp.a(udp_open.o)
                0x07036098                udp_open
                0x070362d0                udp_close
 .text          0x070363b4      0x194 ../../bsp/ucosii_net_rozipfs/\libucosii_bsp.a(asm_cksum.o)
                0x070363b4                asm_cksum
 .text          0x07036548      0x2a0 ../../bsp/ucosii_net_rozipfs/\libucosii_bsp.a(brdutils.o)
                0x07036548                dtrap
                0x07036578                kbhit
                0x07036624                getch
                0x07036684                clock_init
                0x070366c0                clock_c
                0x070366dc                cticks_hook
                0x07036748                irq_Mask
                0x070367a4                irq_Unmask
 .text          0x070367e8      0x488 ../../bsp/ucosii_net_rozipfs/\libucosii_bsp.a(osportco.o)
                0x070367e8                LOCK_NET_RESOURCE
                0x070368a8                UNLOCK_NET_RESOURCE
                0x07036930                TK_NEWTASK
                0x07036b44                wait_app_sem
                0x07036bf8                post_app_sem
 .text          0x07036c70      0x568 ../../bsp/ucosii_net_rozipfs/\libucosii_bsp.a(targnios.o)
                0x07036c70                alt_iniche_init
                0x07036e8c                pre_task_setup
                0x07036f00                post_task_setup
                0x07036f20                prep_armintcp
                0x07036f58                calloc2
                0x07036f8c                npalloc
                0x07037080                npfree
                0x07037138                ncpalloc
                0x0703718c                ncpfree
 .text          0x070371d8     0x24dc ../../bsp/ucosii_net_rozipfs/\libucosii_bsp.a(nptcp.o)
                0x070371d8                pffindtype
                0x07037278                pffindproto
                0x07037348                m_getnbuf
                0x070374f0                m_free
                0x07037624                m_freem
                0x07037668                m_copy
                0x0703798c                m_adj
                0x07037b5c                mbuf_len
                0x07037bb4                dtom
                0x07037c5c                remque
                0x07037ccc                insque
                0x07037d48                nptcp_init
                0x07037e6c                tcp_rcv
                0x07038058                ip_output
                0x07038650                in_broadcast
                0x07038690                np_stripoptions
                0x07038778                tcp_stat
                0x070388bc                tcp_bsdconnstat
                0x07038a1c                tcp_bsdsendstat
                0x07038b10                tcp_bsdrcvstat
                0x07038d10                mbuf_stat
                0x07038e94                mbuf_list
                0x07038f34                sock_list
                0x07039190                search_mbuf_queue
                0x070391f4                socket_queue_name
                0x070392d8                so_icmpdu
                0x07039630                tcp_tick
 .text          0x070396b4      0xa2c ../../bsp/ucosii_net_rozipfs/\libucosii_bsp.a(rawsock.o)
                0x070396b4                rawip_lookup
                0x07039724                rawip_soinput
                0x070398f8                rawip_usrreq
 .text          0x0703a0e0     0x17fc ../../bsp/ucosii_net_rozipfs/\libucosii_bsp.a(sockcall.o)
                0x0703a0e0                DOMAIN_CHECK
                0x0703a12c                t_socket
                0x0703a1bc                t_bind
                0x0703a338                t_listen
                0x0703a41c                t_accept
                0x0703a6b4                t_connect
                0x0703a95c                t_getpeername
                0x0703a9a0                t_getsockname
                0x0703abe0                t_setsockopt
                0x0703adbc                t_getsockopt
                0x0703af60                t_recv
                0x0703b050                t_recvfrom
                0x0703b1a0                t_sendto
                0x0703b3cc                t_send
                0x0703b5f4                t_shutdown
                0x0703b6d8                t_socketclose
                0x0703b840                t_errno
 .text          0x0703b8dc     0x2374 ../../bsp/ucosii_net_rozipfs/\libucosii_bsp.a(socket.o)
                0x0703b8dc                socreate
                0x0703baa8                sobind
                0x0703bb04                solisten
                0x0703bbf4                sofree
                0x0703bd24                soclose
                0x0703c018                soabort
                0x0703c068                soaccept
                0x0703c104                soconnect
                0x0703c1d8                sodisconnect
                0x0703c278                sosend
                0x0703c880                soreceive
                0x0703d064                soshutdown
                0x0703d10c                sorflush
                0x0703d20c                sosetopt
                0x0703d6cc                sogetopt
                0x0703dc0c                sohasoutofband
 .text          0x0703dc50     0x1318 ../../bsp/ucosii_net_rozipfs/\libucosii_bsp.a(socket2.o)
                0x0703dc50                soisconnecting
                0x0703dcbc                soisconnected
                0x0703ddb8                soisdisconnecting
                0x0703de44                soisdisconnected
                0x0703df00                sonewconn
                0x0703e11c                soqinsque
                0x0703e1c8                soqremque
                0x0703e2e8                socantsendmore
                0x0703e338                socantrcvmore
                0x0703e388                sbselqueue
                0x0703e3c0                sbwait
                0x0703e428                sbwakeup
                0x0703e4c4                soreserve
                0x0703e544                sbreserve
                0x0703e5a4                sbrelease
                0x0703e5ec                sbappend
                0x0703e694                sbappendrecord
                0x0703e774                sbappendaddr
                0x0703e97c                sbcompress
                0x0703eb64                sbflush
                0x0703ebf4                sbdrop
                0x0703edc4                sbdropend
                0x0703eed4                sbdroprecord
 .text          0x0703ef68      0x914 ../../bsp/ucosii_net_rozipfs/\libucosii_bsp.a(soselect.o)
                0x0703ef68                t_select
                0x0703f188                sock_selscan
                0x0703f2e0                sock_select
                0x0703f4f4                in_pcbnotify
                0x0703f5c0                tcp_notify
                0x0703f628                ifd_clr
                0x0703f718                ifd_set
                0x0703f78c                ifd_isset
                0x0703f80c                ifd_get
 .text          0x0703f87c     0x2fe8 ../../bsp/ucosii_net_rozipfs/\libucosii_bsp.a(tcp_in.o)
                0x0703f87c                tcp_reass
                0x0703fc84                tcp_input
                0x070421d8                tcp_dooptions
                0x07042368                tcp_pulloutofband
                0x07042494                tcp_xmit_timer
                0x07042700                ip4_tcpmss
                0x07042748                tcp_mss
 .text          0x07042864     0x1360 ../../bsp/ucosii_net_rozipfs/\libucosii_bsp.a(tcp_out.o)
                0x07042864                tcp_output
                0x070439e0                tcp_setpersist
 .text          0x07043bc4      0x9e8 ../../bsp/ucosii_net_rozipfs/\libucosii_bsp.a(tcp_subr.o)
                0x07043bc4                tcp_init
                0x07043c1c                tcp_template
                0x07043d34                tcp_respond
                0x070441bc                tcp_newtcpcb
                0x070442d4                tcp_drop
                0x07044380                tcp_close
                0x07044468                tcp_quench
                0x070444b4                tcp_putseq
                0x07044534                tcp_getseq
 .text          0x070445ac      0x798 ../../bsp/ucosii_net_rozipfs/\libucosii_bsp.a(tcp_timr.o)
                0x070445ac                tcp_slowtimo
                0x0704484c                tcp_canceltimers
                0x070448a8                tcp_timers
 .text          0x07044d44      0x9ec ../../bsp/ucosii_net_rozipfs/\libucosii_bsp.a(tcp_usr.o)
                0x07044d44                tcp_usrreq
                0x07045448                tcp_attach
                0x0704557c                tcp_disconnect
                0x07045650                tcp_usrclosed
 .text          0x07045730       0x4c ../../bsp/ucosii_net_rozipfs/\libucosii_bsp.a(tcpport.o)
                0x07045730                tcpinit
 .text          0x0704577c      0xd20 ../../bsp/ucosii_net_rozipfs/\libucosii_bsp.a(udpsock.o)
                0x0704577c                udp_lookup
                0x070457ec                udp_soinput
                0x070459a4                udp_usrreq
                0x07045c28                udp4_sockbind
                0x07045f64                udp4_socksend
                0x07046340                udp4_sockaddr
 .text          0x0704649c      0x154 ../../bsp/ucosii_net_rozipfs/\libucosii_bsp.a(alt_alarm_start.o)
                0x0704649c                alt_alarm_start
 .text          0x070465f0      0x14c ../../bsp/ucosii_net_rozipfs/\libucosii_bsp.a(alt_busy_sleep.o)
                0x070465f0                alt_busy_sleep
 .text          0x0704673c      0x15c ../../bsp/ucosii_net_rozipfs/\libucosii_bsp.a(alt_close.o)
                0x0704673c                alt_close
 .text          0x07046898       0x78 ../../bsp/ucosii_net_rozipfs/\libucosii_bsp.a(alt_dcache_flush.o)
                0x07046898                alt_dcache_flush
 .text          0x07046910       0x2c ../../bsp/ucosii_net_rozipfs/\libucosii_bsp.a(alt_dev.o)
 .text          0x0704693c      0x114 ../../bsp/ucosii_net_rozipfs/\libucosii_bsp.a(alt_dev_llist_insert.o)
                0x0704693c                alt_dev_llist_insert
 .text          0x07046a50       0x64 ../../bsp/ucosii_net_rozipfs/\libucosii_bsp.a(alt_do_ctors.o)
                0x07046a50                _do_ctors
 .text          0x07046ab4       0x64 ../../bsp/ucosii_net_rozipfs/\libucosii_bsp.a(alt_do_dtors.o)
                0x07046ab4                _do_dtors
 .text          0x07046b18        0x0 ../../bsp/ucosii_net_rozipfs/\libucosii_bsp.a(alt_errno.o)
 .text          0x07046b18       0x94 ../../bsp/ucosii_net_rozipfs/\libucosii_bsp.a(alt_find_dev.o)
                0x07046b18                alt_find_dev
 .text          0x07046bac      0x120 ../../bsp/ucosii_net_rozipfs/\libucosii_bsp.a(alt_find_file.o)
                0x07046bac                alt_find_file
 .text          0x07046ccc       0xd0 ../../bsp/ucosii_net_rozipfs/\libucosii_bsp.a(alt_flash_dev.o)
                0x07046ccc                alt_flash_open_dev
                0x07046d48                alt_flash_close_dev
 .text          0x07046d9c       0x90 ../../bsp/ucosii_net_rozipfs/\libucosii_bsp.a(alt_fs_reg.o)
                0x07046d9c                alt_fs_reg
 .text          0x07046e2c       0xf4 ../../bsp/ucosii_net_rozipfs/\libucosii_bsp.a(alt_get_fd.o)
                0x07046e2c                alt_get_fd
 .text          0x07046f20      0x1d4 ../../bsp/ucosii_net_rozipfs/\libucosii_bsp.a(alt_iic.o)
                0x07046f20                alt_ic_isr_register
                0x07046f70                alt_ic_irq_enable
                0x0704700c                alt_ic_irq_disable
                0x070470ac                alt_ic_irq_enabled
 .text          0x070470f4       0xf8 ../../bsp/ucosii_net_rozipfs/\libucosii_bsp.a(alt_iic_isr_register.o)
                0x070470f4                alt_iic_isr_register
 .text          0x070471ec      0x13c ../../bsp/ucosii_net_rozipfs/\libucosii_bsp.a(alt_io_redirect.o)
                0x070472b0                alt_io_redirect
 .text          0x07047328        0x0 ../../bsp/ucosii_net_rozipfs/\libucosii_bsp.a(alt_irq_entry.o)
 .text          0x07047328        0x0 ../../bsp/ucosii_net_rozipfs/\libucosii_bsp.a(alt_irq_handler.o)
 .text          0x07047328        0x0 ../../bsp/ucosii_net_rozipfs/\libucosii_bsp.a(alt_irq_vars.o)
 .text          0x07047328      0x180 ../../bsp/ucosii_net_rozipfs/\libucosii_bsp.a(alt_read.o)
                0x07047328                alt_read
 .text          0x070474a8       0x38 ../../bsp/ucosii_net_rozipfs/\libucosii_bsp.a(alt_remap_cached.o)
                0x070474a8                alt_remap_cached
 .text          0x070474e0       0x40 ../../bsp/ucosii_net_rozipfs/\libucosii_bsp.a(alt_remap_uncached.o)
                0x070474e0                alt_remap_uncached
 .text          0x07047520       0x64 ../../bsp/ucosii_net_rozipfs/\libucosii_bsp.a(alt_uncached_malloc.o)
                0x07047520                alt_uncached_malloc
 .text          0x07047584      0x180 ../../bsp/ucosii_net_rozipfs/\libucosii_bsp.a(alt_write.o)
                0x07047584                alt_write
 .text          0x07047704       0x20 ../../bsp/ucosii_net_rozipfs/\libucosii_bsp.a(altera_nios2_qsys_irq.o)
                0x07047704                altera_nios2_qsys_irq_init
 .text          0x07047724       0xd0 ../../bsp/ucosii_net_rozipfs/\libucosii_bsp.a(os_cpu_a.o)
                0x07047724                OSCtxSw
                0x07047724                OSIntCtxSw
                0x070477b0                OSStartHighRdy
                0x070477d0                OSStartTsk
 .text          0x070477f4      0x424 ../../bsp/ucosii_net_rozipfs/\libucosii_bsp.a(os_cpu_c.o)
                0x070477f4                OSTaskStkInit
                0x07047b04                OSTaskCreateHook
                0x07047b24                OSTaskDelHook
                0x07047b44                OSTaskSwHook
                0x07047b60                OSTaskStatHook
                0x07047b7c                OSTimeTickHook
                0x07047ba4                OSInitHookBegin
                0x07047bc0                OSInitHookEnd
                0x07047bdc                OSTaskIdleHook
                0x07047bf8                OSTCBInitHook
 .text          0x07047c18      0x460 ../../bsp/ucosii_net_rozipfs/\libucosii_bsp.a(altera_avalon_cfi_flash_amd.o)
                0x07047c18                alt_program_amd
                0x07047c80                alt_erase_block_amd
 .text          0x07048078      0x460 ../../bsp/ucosii_net_rozipfs/\libucosii_bsp.a(altera_avalon_cfi_flash_intel.o)
                0x07048078                alt_program_intel
                0x070480fc                alt_erase_block_intel
 .text          0x070484d8      0x3d8 ../../bsp/ucosii_net_rozipfs/\libucosii_bsp.a(allports.o)
                0x070484d8                netmain_init
                0x070485d4                icmp_port_du
                0x0704865c                station_state
                0x070487ac                sysuptime
                0x070487e8                packet_check
                0x07048834                mcastlist
                0x07048858                prep_modules
 .text          0x070488b0      0x480 ../../bsp/ucosii_net_rozipfs/\libucosii_bsp.a(timeouts.o)
                0x070488b0                inet_timer
                0x07048b0c                in_timerset
                0x07048c88                in_timerkill
 .text          0x07048d30       0xa4 ../../bsp/ucosii_net_rozipfs/\libucosii_bsp.a(tk_misc.o)
                0x07048d30                create_apptasks
                0x07048d54                task_stats
 .text          0x07048dd4       0xb0 ../../bsp/ucosii_net_rozipfs/\libucosii_bsp.a(alt_iniche_fcntl.o)
                0x07048dd4                fcntl
 .text          0x07048e84     0x1710 ../../bsp/ucosii_net_rozipfs/\libucosii_bsp.a(et_arp.o)
                0x07048e84                etainit
                0x07048ed8                et_send
                0x07049054                arp_free_pending
                0x070490dc                arp_send_pending
                0x07049150                send_arp
                0x070495e8                find_oldest_arp
                0x07049790                make_arp_entry
                0x070498a4                arpReply
                0x07049b38                arprcv
                0x07049d98                send_via_arp
                0x07049f40                arp_stats
                0x0704a1b0                cb_arpent_tmo
                0x0704a2c8                grat_arp
 .text          0x0704a594      0x298 ../../bsp/ucosii_net_rozipfs/\libucosii_bsp.a(iface.o)
                0x0704a594                if_getbynum
                0x0704a618                isbcast
                0x0704a6f8                reg_type
                0x0704a794                if_killsocks
 .text          0x0704a82c     0x22a4 ../../bsp/ucosii_net_rozipfs/\libucosii_bsp.a(ip.o)
                0x0704a82c                ip_init
                0x0704a928                ip_bldhead
                0x0704aacc                ip_write_internal
                0x0704b24c                ip_write
                0x0704b494                ip_write2
                0x0704b844                ip_raw_write
                0x0704b91c                ip_fragment_lc
                0x0704bda4                ip_fragment
                0x0704c3c8                ip_mymach
                0x0704c474                ip_dump
                0x0704c72c                iproute
                0x0704c998                ip_copypkt
 .text          0x0704cad0     0x1d9c ../../bsp/ucosii_net_rozipfs/\libucosii_bsp.a(ip_reasm.o)
                0x0704cad0                ip_reasm_match_frag_with_ire
                0x0704cba0                ip_reasm_determine_type_of_frag
                0x0704cc8c                ip_reasm_check_mem_useage
                0x0704cd24                ip_reasm_incr_mem_useage
                0x0704cdcc                ip_reasm_decr_mem_useage
                0x0704ce6c                ip_reasm_process_first_fragment
                0x0704d14c                ip_reassm
                0x0704d1ec                ip_reasm_compute_overlap
                0x0704d77c                ip_reasm_process_subsequent_fragments
                0x0704dd10                ip_reasm_find_ire
                0x0704dd74                ip_reasm_copy_queued_fragments_into_reassy_buffer
                0x0704e0d0                ip_reasm_process_timer_tick
                0x0704e1b4                ip_reasm_delete_ire
                0x0704e37c                ip_reasm_mark_compact_rfq
                0x0704e4c4                ipr_stats
                0x0704e818                ip_reasm_send_icmp_timex
 .text          0x0704e86c     0x1010 ../../bsp/ucosii_net_rozipfs/\libucosii_bsp.a(ipdemux.o)
                0x0704e86c                ip_rcv
                0x0704ec6c                ip_rcv_phase2
                0x0704f278                ip_demux
                0x0704f6a8                ip_stats
 .text          0x0704f87c      0x2f0 ../../bsp/ucosii_net_rozipfs/\libucosii_bsp.a(ipmc.o)
                0x0704f87c                in_addmulti
                0x0704f9e4                in_delmulti
                0x0704fafc                lookup_mcast
 .text          0x0704fb6c       0xe4 ../../bsp/ucosii_net_rozipfs/\libucosii_bsp.a(ipport.o)
                0x0704fb6c                prep_ifaces
                0x0704fc00                netexit
                0x0704fc28                evtmap_setup
 .text          0x0704fc50      0x550 ../../bsp/ucosii_net_rozipfs/\libucosii_bsp.a(ipraw.o)
                0x0704fc50                ip_raw_open
                0x0704fd40                ip_raw_close
                0x0704fe00                ip_raw_input
                0x07050038                ip_raw_alloc
                0x07050104                ip_raw_free
                0x07050144                ip_raw_maxalloc
 .text          0x070501a0      0x6f0 ../../bsp/ucosii_net_rozipfs/\libucosii_bsp.a(iproute.o)
                0x070501a0                rt_lookup
                0x07050324                add_route
                0x0705074c                del_route
 .text          0x07050890     0x1108 ../../bsp/ucosii_net_rozipfs/\libucosii_bsp.a(udp.o)
                0x07050890                udpdemux
                0x070510e8                udp_send
                0x070513a0                udpswap
                0x070514d0                udp_socket
                0x070515a0                udp_alloc
                0x07051660                udp_maxalloc
                0x0705168c                udp_free
                0x070516cc                udp_stats
                0x0705175c                udpsock_list
 .text          0x07051998      0x2e8 ../../bsp/ucosii_net_rozipfs/\libucosii_bsp.a(igmp.o)
                0x07051998                igmpv1_input
 .text          0x07051c80      0x7c0 ../../bsp/ucosii_net_rozipfs/\libucosii_bsp.a(igmp2.o)
                0x07051c80                igmpv2_input
                0x07051de0                igmpv2_process_report
                0x07051f2c                igmpv2_process_query
                0x07052178                igmpv2_chk_set_timer
                0x070522d0                igmpv2_chk4_rtr_alert_opt
 .text          0x07052440      0x8fc ../../bsp/ucosii_net_rozipfs/\libucosii_bsp.a(ipopt.o)
                0x07052440                IPADDR_TO_NETP
                0x07052588                ip_setmoptions
                0x07052b78                ip_getmoptions
                0x07052cb8                ip_freemoptions
 .text          0x07052d3c      0x6ac ../../bsp/ucosii_net_rozipfs/\libucosii_bsp.a(u_mctest.o)
                0x07052d3c                u_mctest_init
                0x07052d6c                u_mctest_run
 .text          0x070533e8      0x388 ../../bsp/ucosii_net_rozipfs/\libucosii_bsp.a(dhcsetup.o)
                0x070533e8                dhc_setup
                0x0705366c                dhc_main_ipset
 .text          0x07053770      0x40c ../../bsp/ucosii_net_rozipfs/\libucosii_bsp.a(memdev.o)
                0x07053770                init_memdev
                0x070537e8                md_fopen
                0x07053810                md_fclose
                0x07053830                md_fread
                0x070539b0                md_fwrite
                0x07053a30                md_fseek
                0x07053a5c                md_ftell
                0x07053a80                md_fgetc
                0x07053b58                md_unlink
 .text          0x07053b7c      0x810 ../../bsp/ucosii_net_rozipfs/\libucosii_bsp.a(parseip.o)
                0x07053b7c                parse_ipad
                0x07053e98                inet_addr
                0x07053f00                hextoa
                0x07053f70                inet_pton
                0x0705401c                inet_ntop
                0x070540a8                print46_addr
                0x07054108                inet46_addr
                0x070541cc                inet_setport
                0x07054240                convert_ip
 .text          0x0705438c      0x1cc ../../bsp/ucosii_net_rozipfs/\libucosii_bsp.a(tcpcksum.o)
                0x0705438c                tcp_cksum
 .text          0x07054558      0x900 ../../bsp/ucosii_net_rozipfs/\libucosii_bsp.a(in_pcb.o)
                0x07054558                in_pcballoc
                0x070545ec                in_pcbdetach
                0x07054640                in_pcbbind
                0x07054894                in_pcbconnect
                0x07054aa4                in_pcbdisconnect
                0x07054b04                in_setsockaddr
                0x07054b80                in_setpeeraddr
                0x07054bfc                in_pcblookup
 .text          0x07054e58     0x1a74 ../../bsp/ucosii_net_rozipfs/\libucosii_bsp.a(vfsfiles.o)
                0x07054e58                set_vfopen_error
                0x07054e80                get_vfopen_error
                0x07054ea0                vf_alloc_and_link_vop
                0x07054f1c                vf_alloc_buffer
                0x07054ff4                vf_free_buffer
                0x07055044                vfopen_locked
                0x070553ac                vfopen
                0x070553fc                vfclose_locked
                0x070555a4                vfclose
                0x070555e4                vfflush
                0x0705562c                vfgets
                0x07055710                vfeof
                0x07055768                vunlink_flag_open_files
                0x070557c4                vunlink
                0x070559e4                vfread
                0x07055b90                vfwrite_locked
                0x07055f78                vfwrite
                0x07055fd8                vfseek
                0x07056154                vftell
                0x07056288                vgetc_locked
                0x070563a8                vgetc
                0x070563f0                vfslookup_locked
                0x07056528                vfslookup
                0x07056570                strippath
                0x07056758                isvfile_locked
                0x070567bc                isvfile
                0x07056804                vferror
                0x07056870                vclearerr
 .text          0x070568cc       0x24 ../../bsp/ucosii_net_rozipfs/\libucosii_bsp.a(vfsport.o)
                0x070568cc                prep_vfs
 .text          0x070568f0        0x0 ../../bsp/ucosii_net_rozipfs/\libucosii_bsp.a(alt_exception_entry.o)
 .text          0x070568f0      0x1b4 ../../bsp/ucosii_net_rozipfs/\libucosii_bsp.a(alt_fcntl.o)
                0x070568f0                alt_fcntl
 .text          0x07056aa4     0x1528 ../../bsp/ucosii_net_rozipfs/\libucosii_bsp.a(icmp.o)
                0x07056aa4                icmprcv
                0x070576d8                icmp_destun
                0x07057a28                icmp_timex
                0x07057d5c                icmp_du
                0x07057db0                icmp_stats
 .text          0x07057fcc       0x14 d:/altera/12.1sp1b243/nios2eds/bin/gnu/h-i686-mingw32/bin/../lib/gcc/nios2-elf/4.1.2/../../../../nios2-elf/lib\libc.a(lib_a-atexit.o)
                0x07057fcc                atexit
 .text          0x07057fe0       0x38 d:/altera/12.1sp1b243/nios2eds/bin/gnu/h-i686-mingw32/bin/../lib/gcc/nios2-elf/4.1.2/../../../../nios2-elf/lib\libc.a(lib_a-exit.o)
                0x07057fe0                exit
 .text          0x07058018       0x34 d:/altera/12.1sp1b243/nios2eds/bin/gnu/h-i686-mingw32/bin/../lib/gcc/nios2-elf/4.1.2/../../../../nios2-elf/lib\libc.a(lib_a-vprintf.o)
                0x07058018                _vprintf_r
                0x0705802c                vprintf
 .text          0x0705804c      0x134 d:/altera/12.1sp1b243/nios2eds/bin/gnu/h-i686-mingw32/bin/../lib/gcc/nios2-elf/4.1.2/../../../../nios2-elf/lib\libc.a(lib_a-__atexit.o)
                0x0705804c                __register_exitproc
 .text          0x07058180      0x1b4 d:/altera/12.1sp1b243/nios2eds/bin/gnu/h-i686-mingw32/bin/../lib/gcc/nios2-elf/4.1.2/../../../../nios2-elf/lib\libc.a(lib_a-__call_atexit.o)
                0x07058184                __call_exitprocs
 .text          0x07058334       0x6c ../../bsp/ucosii_net_rozipfs/\libucosii_bsp.a(alt_exit.o)
                0x07058374                _exit
 *(.gnu.warning.*)
 *(.fini)
                0x070583a0                PROVIDE (__etext, ABSOLUTE (.))
                0x070583a0                PROVIDE (_etext, ABSOLUTE (.))
                0x070583a0                PROVIDE (etext, ABSOLUTE (.))
 *(.eh_frame_hdr)
                0x070583a0                . = ALIGN (0x4)
                0x070583a0                PROVIDE (__preinit_array_start, ABSOLUTE (.))
 *(.preinit_array)
                0x070583a0                PROVIDE (__preinit_array_end, ABSOLUTE (.))
                0x070583a0                PROVIDE (__init_array_start, ABSOLUTE (.))
 *(.init_array)
                0x070583a0                PROVIDE (__init_array_end, ABSOLUTE (.))
                0x070583a0                PROVIDE (__fini_array_start, ABSOLUTE (.))
 *(.fini_array)
                0x070583a0                PROVIDE (__fini_array_end, ABSOLUTE (.))
 *(.eh_frame)
 *(.gcc_except_table)
 *(.dynamic)
                0x070583a0                PROVIDE (__CTOR_LIST__, ABSOLUTE (.))
 *(.ctors)
 *(SORT(.ctors.*))
 .ctors.65535   0x070583a0        0x4 d:/altera/12.1sp1b243/nios2eds/bin/gnu/h-i686-mingw32/bin/../lib/gcc/nios2-elf/4.1.2/../../../../nios2-elf/lib\libc.a(lib_a-__call_atexit.o)
                0x070583a4                PROVIDE (__CTOR_END__, ABSOLUTE (.))
                0x070583a4                PROVIDE (__DTOR_LIST__, ABSOLUTE (.))
 *(.dtors)
 *(SORT(.dtors.*))
                0x070583a4                PROVIDE (__DTOR_END__, ABSOLUTE (.))
 *(.jcr)
                0x070583a4                . = ALIGN (0x4)

.rodata         0x070583a4     0x7968
                0x070583a4                PROVIDE (__ram_rodata_start, ABSOLUTE (.))
                0x070583a4                . = ALIGN (0x4)
 *(.rodata .rodata.* .gnu.linkonce.r.*)
 .rodata        0x070583a4       0x40 obj/default/src/main.o
 .rodata        0x070583e4      0x658 obj/default/src/os_utils.o
 .rodata        0x07058a3c       0xa8 obj/default/src/srec/srec.o
 .rodata        0x07058ae4     0x1170 obj/default/src/webserver.o
 .rodata        0x07059c54      0x281 d:/altera/12.1sp1b243/nios2eds/bin/gnu/h-i686-mingw32/bin/../lib/gcc/nios2-elf/4.1.2/../../../../nios2-elf/lib\libc.a(lib_a-ctype_.o)
                0x07059c54                _ctype_
 *fill*         0x07059ed5        0x3 00
 .rodata.str1.4
                0x07059ed8        0x2 d:/altera/12.1sp1b243/nios2eds/bin/gnu/h-i686-mingw32/bin/../lib/gcc/nios2-elf/4.1.2/../../../../nios2-elf/lib\libc.a(lib_a-impure.o)
                                  0x4 (size before relaxing)
 *fill*         0x07059eda        0x2 00
 .rodata.str1.4
                0x07059edc        0x3 d:/altera/12.1sp1b243/nios2eds/bin/gnu/h-i686-mingw32/bin/../lib/gcc/nios2-elf/4.1.2/../../../../nios2-elf/lib\libc.a(lib_a-perror.o)
                                  0x4 (size before relaxing)
 *fill*         0x07059edf        0x1 00
 .rodata.str1.4
                0x07059ee0        0x2 d:/altera/12.1sp1b243/nios2eds/bin/gnu/h-i686-mingw32/bin/../lib/gcc/nios2-elf/4.1.2/../../../../nios2-elf/lib\libc.a(lib_a-puts.o)
                                  0x4 (size before relaxing)
 *fill*         0x07059ee2        0x2 00
 .rodata.str1.4
                0x07059ee4      0x7a2 d:/altera/12.1sp1b243/nios2eds/bin/gnu/h-i686-mingw32/bin/../lib/gcc/nios2-elf/4.1.2/../../../../nios2-elf/lib\libc.a(lib_a-strerror.o)
                                0x7a8 (size before relaxing)
 *fill*         0x0705a686        0x2 00
 .rodata.str1.4
                0x0705a688       0x5e d:/altera/12.1sp1b243/nios2eds/bin/gnu/h-i686-mingw32/bin/../lib/gcc/nios2-elf/4.1.2/../../../../nios2-elf/lib\libc.a(lib_a-vfprintf.o)
                                 0x60 (size before relaxing)
 .rodata        0x0705a6e6       0x20 d:/altera/12.1sp1b243/nios2eds/bin/gnu/h-i686-mingw32/bin/../lib/gcc/nios2-elf/4.1.2/../../../../nios2-elf/lib\libc.a(lib_a-vfprintf.o)
 *fill*         0x0705a706        0x2 00
 .rodata.str1.4
                0x0705a708        0x5 d:/altera/12.1sp1b243/nios2eds/bin/gnu/h-i686-mingw32/bin/../lib/gcc/nios2-elf/4.1.2/../../../../nios2-elf/lib\libc.a(lib_a-vfscanf.o)
                                  0x8 (size before relaxing)
 *fill*         0x0705a70d        0x1 00
 .rodata        0x0705a70e       0x22 d:/altera/12.1sp1b243/nios2eds/bin/gnu/h-i686-mingw32/bin/../lib/gcc/nios2-elf/4.1.2/../../../../nios2-elf/lib\libc.a(lib_a-vfscanf.o)
 .rodata.str1.4
                0x0705a730       0x10 d:/altera/12.1sp1b243/nios2eds/bin/gnu/h-i686-mingw32/bin/../lib/gcc/nios2-elf/4.1.2/../../../../nios2-elf/lib\libc.a(lib_a-dtoa.o)
                                 0x14 (size before relaxing)
 .rodata.str1.4
                0x0705a740        0xf d:/altera/12.1sp1b243/nios2eds/bin/gnu/h-i686-mingw32/bin/../lib/gcc/nios2-elf/4.1.2/../../../../nios2-elf/lib\libc.a(lib_a-locale.o)
                                 0x18 (size before relaxing)
 *fill*         0x0705a74f        0x1 00
 .rodata        0x0705a750       0x30 d:/altera/12.1sp1b243/nios2eds/bin/gnu/h-i686-mingw32/bin/../lib/gcc/nios2-elf/4.1.2/../../../../nios2-elf/lib\libc.a(lib_a-locale.o)
 .rodata.str1.4
                0x00000000        0x4 d:/altera/12.1sp1b243/nios2eds/bin/gnu/h-i686-mingw32/bin/../lib/gcc/nios2-elf/4.1.2/../../../../nios2-elf/lib\libc.a(lib_a-mbrtowc.o)
 .rodata        0x0705a780      0x124 d:/altera/12.1sp1b243/nios2eds/bin/gnu/h-i686-mingw32/bin/../lib/gcc/nios2-elf/4.1.2/../../../../nios2-elf/lib\libc.a(lib_a-mprec.o)